###############################################################################
#                                                                             #
# IAR C/C++ Compiler V8.10.3.10338/W32 for 8051         24/Oct/2023  19:15:00 #
# Copyright 2004-2011 IAR Systems AB.                                         #
#                                                                             #
#    Core               =  plain                                              #
#    Code model         =  banked                                             #
#    Data model         =  large                                              #
#    Calling convention =  xdata reentrant                                    #
#    Constant location  =  data_rom                                           #
#    Dptr setup         =  1,16                                               #
#    Source file        =  E:\ZigBee-Project\test07\Projects\zstack\Samples\T #
#                          estAPP\Source\TestAPP.c                            #
#    Command line       =  -f E:\ZigBee-Project\test07\Projects\zstack\Sample #
#                          s\TestAPP\CC2530DB\..\..\..\Tools\CC2530DB\f8wCoor #
#                          d.cfg (-DCPU32MHZ -DROOT=__near_func               #
#                          -DMAC_CFG_APP_PENDING_QUEUE=TRUE                   #
#                          -DZDO_COORDINATOR -DRTR_NWK -DBLINK_LEDS) -f       #
#                          E:\ZigBee-Project\test07\Projects\zstack\Samples\T #
#                          estAPP\CC2530DB\..\..\..\Tools\CC2530DB\f8wConfig. #
#                          cfg (-DSECURE=0 -DZG_SECURE_DYNAMIC=0 -DREFLECTOR  #
#                          -DDEFAULT_CHANLIST=0x00000800                      #
#                          -DZDAPP_CONFIG_PAN_ID=0xFFFF                       #
#                          -DNWK_START_DELAY=100 -DEXTENDED_JOINING_RANDOM_MA #
#                          SK=0x007F -DBEACON_REQUEST_DELAY=100               #
#                          -DBEACON_REQ_DELAY_MASK=0x00FF                     #
#                          -DROUTE_EXPIRY_TIME=30 -DAPSC_ACK_WAIT_DURATION_PO #
#                          LLED=3000 -DNWK_INDIRECT_MSG_TIMEOUT=7             #
#                          -DMAX_RREQ_ENTRIES=8 -DAPSC_MAX_FRAME_RETRIES=3    #
#                          -DNWK_MAX_DATA_RETRIES=2                           #
#                          -DMAX_POLL_FAILURE_RETRIES=2 -DMAX_BCAST=9         #
#                          -DAPS_MAX_GROUPS=16 -DMAX_RTG_ENTRIES=40           #
#                          -DNWK_MAX_BINDING_ENTRIES=4                        #
#                          -DMAX_BINDING_CLUSTER_IDS=4 "-DDEFAULT_KEY={0x01,  #
#                          0x03, 0x05, 0x07, 0x09, 0x0B, 0x0D, 0x0F, 0x00,    #
#                          0x02, 0x04, 0x06, 0x08, 0x0A, 0x0C, 0x0D}"         #
#                          -DMAC_MAX_FRAME_SIZE=116 "-DCONST=const __code"    #
#                          -DGENERIC=__generic -DRFD_RCVC_ALWAYS_ON=FALSE     #
#                          -DPOLL_RATE=1000 -DQUEUED_POLL_RATE=100            #
#                          -DRESPONSE_POLL_RATE=100) -DREJOIN_POLL_RATE=440   #
#                          E:\ZigBee-Project\test07\Projects\zstack\Samples\T #
#                          estAPP\Source\TestAPP.c -D ZIGBEEPRO -D ZTOOL_P1   #
#                          -D MT_TASK -D MT_SYS_FUNC -D MT_ZDO_FUNC -D        #
#                          LCD_SUPPORTED=DEBUG -lC E:\ZigBee-Project\test07\P #
#                          rojects\zstack\Samples\TestAPP\CC2530DB\Coordinato #
#                          rEB-Pro\List\ -lA E:\ZigBee-Project\test07\Project #
#                          s\zstack\Samples\TestAPP\CC2530DB\CoordinatorEB-Pr #
#                          o\List\ --diag_suppress Pe001,Pa010 -o             #
#                          E:\ZigBee-Project\test07\Projects\zstack\Samples\T #
#                          estAPP\CC2530DB\CoordinatorEB-Pro\Obj\ -e --debug  #
#                          --core=plain --dptr=16,1 --data_model=large        #
#                          --code_model=banked --calling_convention=xdata_ree #
#                          ntrant --place_constants=data_rom                  #
#                          --nr_virtual_regs 16 -I E:\ZigBee-Project\test07\P #
#                          rojects\zstack\Samples\TestAPP\CC2530DB\ -I        #
#                          E:\ZigBee-Project\test07\Projects\zstack\Samples\T #
#                          estAPP\CC2530DB\..\SOURCE\ -I                      #
#                          E:\ZigBee-Project\test07\Projects\zstack\Samples\T #
#                          estAPP\CC2530DB\..\..\..\ZMAIN\TI2530DB\ -I        #
#                          E:\ZigBee-Project\test07\Projects\zstack\Samples\T #
#                          estAPP\CC2530DB\..\..\..\..\..\COMPONENTS\MT\ -I   #
#                          E:\ZigBee-Project\test07\Projects\zstack\Samples\T #
#                          estAPP\CC2530DB\..\..\..\..\..\COMPONENTS\HAL\INCL #
#                          UDE\ -I E:\ZigBee-Project\test07\Projects\zstack\S #
#                          amples\TestAPP\CC2530DB\..\..\..\..\..\COMPONENTS\ #
#                          HAL\TARGET\CC2530EB\ -I E:\ZigBee-Project\test07\P #
#                          rojects\zstack\Samples\TestAPP\CC2530DB\..\..\..\. #
#                          .\..\COMPONENTS\OSAL\MCU\CCSOC\ -I                 #
#                          E:\ZigBee-Project\test07\Projects\zstack\Samples\T #
#                          estAPP\CC2530DB\..\..\..\..\..\COMPONENTS\OSAL\INC #
#                          LUDE\ -I E:\ZigBee-Project\test07\Projects\zstack\ #
#                          Samples\TestAPP\CC2530DB\..\..\..\..\..\COMPONENTS #
#                          \STACK\AF\ -I E:\ZigBee-Project\test07\Projects\zs #
#                          tack\Samples\TestAPP\CC2530DB\..\..\..\..\..\COMPO #
#                          NENTS\STACK\NWK\ -I E:\ZigBee-Project\test07\Proje #
#                          cts\zstack\Samples\TestAPP\CC2530DB\..\..\..\..\.. #
#                          \COMPONENTS\STACK\SEC\ -I                          #
#                          E:\ZigBee-Project\test07\Projects\zstack\Samples\T #
#                          estAPP\CC2530DB\..\..\..\..\..\COMPONENTS\STACK\SA #
#                          PI\ -I E:\ZigBee-Project\test07\Projects\zstack\Sa #
#                          mples\TestAPP\CC2530DB\..\..\..\..\..\COMPONENTS\S #
#                          TACK\SYS\ -I E:\ZigBee-Project\test07\Projects\zst #
#                          ack\Samples\TestAPP\CC2530DB\..\..\..\..\..\COMPON #
#                          ENTS\STACK\ZDO\ -I E:\ZigBee-Project\test07\Projec #
#                          ts\zstack\Samples\TestAPP\CC2530DB\..\..\..\..\..\ #
#                          COMPONENTS\ZMAC\F8W\ -I E:\ZigBee-Project\test07\P #
#                          rojects\zstack\Samples\TestAPP\CC2530DB\..\..\..\. #
#                          .\..\COMPONENTS\ZMAC\ -I                           #
#                          E:\ZigBee-Project\test07\Projects\zstack\Samples\T #
#                          estAPP\CC2530DB\..\..\..\..\..\COMPONENTS\SERVICES #
#                          \SADDR\ -I E:\ZigBee-Project\test07\Projects\zstac #
#                          k\Samples\TestAPP\CC2530DB\..\..\..\..\..\COMPONEN #
#                          TS\SERVICES\SDATA\ -I E:\ZigBee-Project\test07\Pro #
#                          jects\zstack\Samples\TestAPP\CC2530DB\..\..\..\..\ #
#                          ..\COMPONENTS\MAC\INCLUDE\ -I                      #
#                          E:\ZigBee-Project\test07\Projects\zstack\Samples\T #
#                          estAPP\CC2530DB\..\..\..\..\..\COMPONENTS\MAC\HIGH #
#                          _LEVEL\ -I E:\ZigBee-Project\test07\Projects\zstac #
#                          k\Samples\TestAPP\CC2530DB\..\..\..\..\..\COMPONEN #
#                          TS\MAC\LOW_LEVEL\srf04\ -I                         #
#                          E:\ZigBee-Project\test07\Projects\zstack\Samples\T #
#                          estAPP\CC2530DB\..\..\..\..\..\COMPONENTS\MAC\LOW_ #
#                          LEVEL\srf04\SINGLE_CHIP\ -Ohz                      #
#    List file          =  E:\ZigBee-Project\test07\Projects\zstack\Samples\T #
#                          estAPP\CC2530DB\CoordinatorEB-Pro\List\TestAPP.lst #
#    Object file        =  E:\ZigBee-Project\test07\Projects\zstack\Samples\T #
#                          estAPP\CC2530DB\CoordinatorEB-Pro\Obj\TestAPP.r51  #
#                                                                             #
#                                                                             #
###############################################################################

E:\ZigBee-Project\test07\Projects\zstack\Samples\TestAPP\Source\TestAPP.c
      1          /**************************************************************************************************
      2            Filename:       TestAPP.c
      3            Revised:        $Date: 2009-03-18 15:56:27 -0700 (Wed, 18 Mar 2009) $
      4            Revision:       $Revision: 19453 $
      5          
      6            Description:    Generic Application (no Profile).
      7          
      8          
      9            Copyright 2004-2009 Texas Instruments Incorporated. All rights reserved.
     10          
     11            IMPORTANT: Your use of this Software is limited to those specific rights
     12            granted under the terms of a software license agreement between the user
     13            who downloaded the software, his/her employer (which must be your employer)
     14            and Texas Instruments Incorporated (the "License").  You may not use this
     15            Software unless you agree to abide by the terms of the License. The License
     16            limits your use, and you acknowledge, that the Software may not be modified,
     17            copied or distributed unless embedded on a Texas Instruments microcontroller
     18            or used solely and exclusively in conjunction with a Texas Instruments radio
     19            frequency transceiver, which is integrated into your product.  Other than for
     20            the foregoing purpose, you may not use, reproduce, copy, prepare derivative
     21            works of, modify, distribute, perform, display or sell this Software and/or
     22            its documentation for any purpose.
     23          
     24            YOU FURTHER ACKNOWLEDGE AND AGREE THAT THE SOFTWARE AND DOCUMENTATION ARE
     25            PROVIDED 揂S IS?WITHOUT WARRANTY OF ANY KIND, EITHER EXPRESS OR IMPLIED, 
     26            INCLUDING WITHOUT LIMITATION, ANY WARRANTY OF MERCHANTABILITY, TITLE, 
     27            NON-INFRINGEMENT AND FITNESS FOR A PARTICULAR PURPOSE. IN NO EVENT SHALL
     28            TEXAS INSTRUMENTS OR ITS LICENSORS BE LIABLE OR OBLIGATED UNDER CONTRACT,
     29            NEGLIGENCE, STRICT LIABILITY, CONTRIBUTION, BREACH OF WARRANTY, OR OTHER
     30            LEGAL EQUITABLE THEORY ANY DIRECT OR INDIRECT DAMAGES OR EXPENSES
     31            INCLUDING BUT NOT LIMITED TO ANY INCIDENTAL, SPECIAL, INDIRECT, PUNITIVE
     32            OR CONSEQUENTIAL DAMAGES, LOST PROFITS OR LOST DATA, COST OF PROCUREMENT
     33            OF SUBSTITUTE GOODS, TECHNOLOGY, SERVICES, OR ANY CLAIMS BY THIRD PARTIES
     34            (INCLUDING BUT NOT LIMITED TO ANY DEFENSE THEREOF), OR OTHER SIMILAR COSTS.
     35          
     36            Should you have any questions regarding your right to use this Software,
     37            contact Texas Instruments Incorporated at www.TI.com. 
     38          **************************************************************************************************/
     39          
     40          /*********************************************************************
     41            This application isn't intended to do anything useful, it is
     42            intended to be a simple example of an application's structure.
     43          
     44            This application sends "Hello World" to another "Generic"
     45            application every 15 seconds.  The application will also
     46            receive "Hello World" packets.
     47          
     48            The "Hello World" messages are sent/received as MSG type message.
     49          
     50            This applications doesn't have a profile, so it handles everything
     51            directly - itself.
     52          
     53            Key control:
     54              SW1:
     55              SW2:  initiates end device binding
     56              SW3:
     57              SW4:  initiates a match description request
     58          *********************************************************************/
     59          
     60          /*********************************************************************
     61           * INCLUDES
     62           */
     63          #include "OSAL.h"
     64          #include "AF.h"
     65          #include "ZDApp.h"
     66          #include "ZDObject.h"
     67          #include "ZDProfile.h"
     68          
     69          #include "TestAPP.h"
     70          #include "DebugTrace.h"
     71          
     72          #if !defined( WIN32 )
     73            #include "OnBoard.h"

   \                                 In  segment SFR_AN, at 0x80
   \   union <unnamed> volatile __sfr _A_P0
   \                     _A_P0:
   \   000000                DS 1

   \                                 In  segment SFR_AN, at 0x90
   \   union <unnamed> volatile __sfr _A_P1
   \                     _A_P1:
   \   000000                DS 1

   \                                 In  segment SFR_AN, at 0xa0
   \   union <unnamed> volatile __sfr _A_P2
   \                     _A_P2:
   \   000000                DS 1

   \                                 In  segment SFR_AN, at 0xf3
   \   unsigned char volatile __sfr P0SEL
   \                     P0SEL:
   \   000000                DS 1

   \                                 In  segment SFR_AN, at 0xfd
   \   unsigned char volatile __sfr P0DIR
   \                     P0DIR:
   \   000000                DS 1
     74          #endif
     75          
     76          /* HAL */
     77          #include "hal_lcd.h"
     78          #include "hal_led.h"
     79          #include "hal_key.h"
     80          #include "hal_uart.h"
     81          
     82          #include"74LS164_8LED.h"
     83          /*********************************************************************
     84           * MACROS
     85           */
     86          
     87          /*********************************************************************
     88           * CONSTANTS
     89           */
     90          
     91          /*********************************************************************
     92           * TYPEDEFS
     93           */
     94          
     95          /*********************************************************************
     96           * GLOBAL VARIABLES
     97           */
     98          
     99          // This list should be filled with Application specific Cluster IDs.

   \                                 In  segment XDATA_ROM_C, align 1
    100          const cId_t TestAPP_ClusterList[TestAPP_MAX_CLUSTERS] =
   \                     TestAPP_ClusterList:
   \   000000   0100         DW 1
    101          {
    102            TestAPP_CLUSTERID
    103          };
    104          

   \                                 In  segment XDATA_ROM_C, align 1
    105          const SimpleDescriptionFormat_t TestAPP_SimpleDesc =
   \                     TestAPP_SimpleDesc:
   \   000000   0A           DB 10
   \   000001   040F         DW 3844
   \   000003   0100         DW 1
   \   000005   00           DB 0
   \   000006   01           DB 1
   \   000007   ....         DW TestAPP_ClusterList
   \   000009   01           DB 1
   \   00000A   ....         DW TestAPP_ClusterList
    106          {
    107            TestAPP_ENDPOINT,              //  int Endpoint;
    108            TestAPP_PROFID,                //  uint16 AppProfId[2];
    109            TestAPP_DEVICEID,              //  uint16 AppDeviceId[2];
    110            TestAPP_DEVICE_VERSION,        //  int   AppDevVer:4;
    111            TestAPP_FLAGS,                 //  int   AppFlags:4;
    112            TestAPP_MAX_CLUSTERS,          //  byte  AppNumInClusters;
    113            (cId_t *)TestAPP_ClusterList,  //  byte *pAppInClusterList;
    114            TestAPP_MAX_CLUSTERS,          //  byte  AppNumInClusters;
    115            (cId_t *)TestAPP_ClusterList   //  byte *pAppInClusterList;
    116          };
    117          
    118          // This is the Endpoint/Interface description.  It is defined here, but
    119          // filled-in in TestAPP_Init().  Another way to go would be to fill
    120          // in the structure here and make it a "const" (in code space).  The
    121          // way it's defined in this sample app it is define in RAM.

   \                                 In  segment XDATA_Z, align 1, keep-with-next
    122          endPointDesc_t TestAPP_epDesc;
   \                     TestAPP_epDesc:
   \   000000                DS 6
   \   000006                REQUIRE __INIT_XDATA_Z
    123          
    124          /*********************************************************************
    125           * EXTERNAL VARIABLES
    126           */
    127          
    128          /*********************************************************************
    129           * EXTERNAL FUNCTIONS
    130           */
    131          
    132          /*********************************************************************
    133           * LOCAL VARIABLES
    134           */

   \                                 In  segment XDATA_Z, align 1, keep-with-next
    135          byte TestAPP_TaskID;   // Task ID for internal task/event processing
   \                     TestAPP_TaskID:
   \   000000                DS 1
   \   000001                REQUIRE __INIT_XDATA_Z
    136                                    // This variable will be received when
    137                                    // TestAPP_Init() is called.

   \                                 In  segment XDATA_Z, align 1, keep-with-next
    138          devStates_t TestAPP_NwkState;
   \                     TestAPP_NwkState:
   \   000000                DS 1
   \   000001                REQUIRE __INIT_XDATA_Z
    139          
    140          

   \                                 In  segment XDATA_Z, align 1, keep-with-next
    141          byte TestAPP_TransID;  // This is the unique message ID (counter)
   \                     TestAPP_TransID:
   \   000000                DS 1
   \   000001                REQUIRE __INIT_XDATA_Z
    142          

   \                                 In  segment XDATA_Z, align 1, keep-with-next
    143          afAddrType_t TestAPP_DstAddr;
   \                     TestAPP_DstAddr:
   \   000000                DS 12
   \   00000C                REQUIRE __INIT_XDATA_Z
    144          
    145          /*********************************************************************
    146           * LOCAL FUNCTIONS
    147           */
    148          void TestAPP_ProcessZDOMsgs( zdoIncomingMsg_t *inMsg );
    149          void TestAPP_HandleKeys( byte shift, byte keys );
    150          void TestAPP_MessageMSGCB( afIncomingMSGPacket_t *pckt );
    151          void TestAPP_SendTheMessage( void );
    152          
    153          /*********************************************************************
    154           * NETWORK LAYER CALLBACKS
    155           */
    156          
    157          /*********************************************************************
    158           * PUBLIC FUNCTIONS
    159           */
    160          
    161          /*********************************************************************
    162           * @fn      TestAPP_Init
    163           *
    164           * @brief   Initialization function for the Generic App Task.
    165           *          This is called during initialization and should contain
    166           *          any application specific initialization (ie. hardware
    167           *          initialization/setup, table initialization, power up
    168           *          notificaiton ... ).
    169           *
    170           * @param   task_id - the ID assigned by OSAL.  This ID should be
    171           *                    used to send messages and set timers.
    172           *
    173           * @return  none
    174           */

   \                                 In  segment BANKED_CODE, align 1, keep-with-next
    175          void TestAPP_Init( byte task_id )
   \                     TestAPP_Init:
    176          {
   \   000000   74F7         MOV     A,#-0x9
   \   000002   12....       LCALL   ?BANKED_ENTER_XDATA
   \   000005                ; Saved register size: 9
   \   000005                ; Auto size: 0
   \   000005   E9           MOV     A,R1
    177            TestAPP_TaskID = task_id;
   \   000006   90....       MOV     DPTR,#TestAPP_TaskID
   \   000009   F0           MOVX    @DPTR,A
    178            TestAPP_NwkState = DEV_INIT;
   \   00000A   90....       MOV     DPTR,#TestAPP_NwkState
   \   00000D   7401         MOV     A,#0x1
   \   00000F   F0           MOVX    @DPTR,A
    179            TestAPP_TransID = 0;
   \   000010   90....       MOV     DPTR,#TestAPP_TransID
   \   000013   E4           CLR     A
   \   000014   F0           MOVX    @DPTR,A
    180          
    181            // Device hardware initialization can be added here or in main() (Zmain.c).
    182            // If the hardware is application specific - add it here.
    183            // If the hardware is other parts of the device add it in main().
    184          
    185            TestAPP_DstAddr.addrMode = (afAddrMode_t)AddrNotPresent;
   \   000015   90....       MOV     DPTR,#TestAPP_DstAddr + 8
   \   000018   F0           MOVX    @DPTR,A
    186            TestAPP_DstAddr.endPoint = 0;
   \   000019   A3           INC     DPTR
   \   00001A   F0           MOVX    @DPTR,A
    187            TestAPP_DstAddr.addr.shortAddr = 0;
   \   00001B   90....       MOV     DPTR,#TestAPP_DstAddr
   \   00001E   F0           MOVX    @DPTR,A
   \   00001F   A3           INC     DPTR
   \   000020   F0           MOVX    @DPTR,A
    188          
    189            // Fill out the endpoint description.
    190            TestAPP_epDesc.endPoint = TestAPP_ENDPOINT;
   \   000021   90....       MOV     DPTR,#TestAPP_epDesc
   \   000024   740A         MOV     A,#0xa
   \   000026   F0           MOVX    @DPTR,A
    191            TestAPP_epDesc.task_id = &TestAPP_TaskID;
   \   000027   A3           INC     DPTR
   \   000028   74..         MOV     A,#TestAPP_TaskID & 0xff
   \   00002A   F0           MOVX    @DPTR,A
   \   00002B   A3           INC     DPTR
   \   00002C   74..         MOV     A,#(TestAPP_TaskID >> 8) & 0xff
   \   00002E   F0           MOVX    @DPTR,A
    192            TestAPP_epDesc.simpleDesc
    193                      = (SimpleDescriptionFormat_t *)&TestAPP_SimpleDesc;
   \   00002F   A3           INC     DPTR
   \   000030   74..         MOV     A,#TestAPP_SimpleDesc & 0xff
   \   000032   F0           MOVX    @DPTR,A
   \   000033   A3           INC     DPTR
   \   000034   74..         MOV     A,#(TestAPP_SimpleDesc >> 8) & 0xff
   \   000036   F0           MOVX    @DPTR,A
    194            TestAPP_epDesc.latencyReq = noLatencyReqs;
   \   000037   A3           INC     DPTR
   \   000038   E4           CLR     A
   \   000039   F0           MOVX    @DPTR,A
    195          
    196            // Register the endpoint description with the AF
    197            afRegister( &TestAPP_epDesc );
   \   00003A                ; Setup parameters for call to function afRegister
   \   00003A   7A..         MOV     R2,#TestAPP_epDesc & 0xff
   \   00003C   7B..         MOV     R3,#(TestAPP_epDesc >> 8) & 0xff
   \   00003E   12....       LCALL   ??afRegister?relay
    198          
    199            // Register for all key events - This app will handle all key events
    200            RegisterForKeys( TestAPP_TaskID );
   \   000041                ; Setup parameters for call to function RegisterForKeys
   \   000041   90....       MOV     DPTR,#TestAPP_TaskID
   \   000044   E0           MOVX    A,@DPTR
   \   000045   F9           MOV     R1,A
   \   000046   12....       LCALL   ??RegisterForKeys?relay
    201          
    202            // Update the display
    203          #if defined ( LCD_SUPPORTED )
    204              HalLcdWriteString( "TestAPP", HAL_LCD_LINE_1 );
   \   000049                ; Setup parameters for call to function HalLcdWriteString
   \   000049   7901         MOV     R1,#0x1
   \   00004B   7A..         MOV     R2,#`?<Constant "TestAPP">` & 0xff
   \   00004D   7B..         MOV     R3,#(`?<Constant "TestAPP">` >> 8) & 0xff
   \   00004F   12....       LCALL   ??HalLcdWriteString?relay
    205          #endif
    206              
    207            ZDO_RegisterForZDOMsg( TestAPP_TaskID, End_Device_Bind_rsp );
   \   000052                ; Setup parameters for call to function ZDO_RegisterForZDOMsg
   \   000052   7A20         MOV     R2,#0x20
   \   000054   7B80         MOV     R3,#-0x80
   \   000056   90....       MOV     DPTR,#TestAPP_TaskID
   \   000059   E0           MOVX    A,@DPTR
   \   00005A   F9           MOV     R1,A
   \   00005B   12....       LCALL   ??ZDO_RegisterForZDOMsg?relay
    208            ZDO_RegisterForZDOMsg( TestAPP_TaskID, Match_Desc_rsp );
   \   00005E                ; Setup parameters for call to function ZDO_RegisterForZDOMsg
   \   00005E   7A06         MOV     R2,#0x6
   \   000060   7B80         MOV     R3,#-0x80
   \   000062   90....       MOV     DPTR,#TestAPP_TaskID
   \   000065   E0           MOVX    A,@DPTR
   \   000066   F9           MOV     R1,A
   \   000067   12....       LCALL   ??ZDO_RegisterForZDOMsg?relay
    209          }
   \   00006A                REQUIRE ?Subroutine0
   \   00006A                ; // Fall through to label ?Subroutine0

   \                                 In  segment BANKED_CODE, align 1, keep-with-next
   \                     ?Subroutine0:
   \   000000   7F01         MOV     R7,#0x1
   \   000002   02....       LJMP    ?BANKED_LEAVE_XDATA
    210          
    211          /*********************************************************************
    212           * @fn      TestAPP_ProcessEvent
    213           *
    214           * @brief   Generic Application Task event processor.  This function
    215           *          is called to process all events for the task.  Events
    216           *          include timers, messages and any other user defined events.
    217           *
    218           * @param   task_id  - The OSAL assigned task ID.
    219           * @param   events - events to process.  This is a bit map and can
    220           *                   contain more than one event.
    221           *
    222           * @return  none
    223           */

   \                                 In  segment BANKED_CODE, align 1, keep-with-next
    224          UINT16 TestAPP_ProcessEvent( byte task_id, UINT16 events )
   \                     TestAPP_ProcessEvent:
    225          {
   \   000000   74F4         MOV     A,#-0xc
   \   000002   12....       LCALL   ?BANKED_ENTER_XDATA
   \   000005                ; Saved register size: 12
   \   000005                ; Auto size: 0
   \   000005   8A..         MOV     ?V0 + 0,R2
   \   000007   8B..         MOV     ?V0 + 1,R3
    226            afIncomingMSGPacket_t *MSGpkt;
    227            afDataConfirm_t *afDataConfirm;
    228          
    229            // Data Confirmation message fields
    230            byte sentEP;
    231            ZStatus_t sentStatus;
    232            byte sentTransID;       // This should match the value sent
    233            (void)task_id;  // Intentionally unreferenced parameter
    234          
    235            if ( events & SYS_EVENT_MSG )
   \   000009   EB           MOV     A,R3
   \   00000A   5480         ANL     A,#0x80
   \   00000C   7003         JNZ     $+5
   \   00000E   02....       LJMP    ??TestAPP_ProcessEvent_0 & 0xFFFF
    236            {
    237              MSGpkt = (afIncomingMSGPacket_t *)osal_msg_receive( TestAPP_TaskID );
   \   000011                ; Setup parameters for call to function osal_msg_receive
   \   000011   8050         SJMP    ??TestAPP_ProcessEvent_1
    238              while ( MSGpkt )
    239              {
    240                switch ( MSGpkt->hdr.event )
    241                {
    242                  case ZDO_CB_MSG:
    243                    TestAPP_ProcessZDOMsgs( (zdoIncomingMsg_t *)MSGpkt );
    244                    break;
    245                    
    246                  case KEY_CHANGE:
    247                    TestAPP_HandleKeys( ((keyChange_t *)MSGpkt)->state, ((keyChange_t *)MSGpkt)->keys );
    248                    break;
    249          
    250                  case AF_DATA_CONFIRM_CMD:
    251                    // This message is received as a confirmation of a data packet sent.
    252                    // The status is of ZStatus_t type [defined in ZComDef.h]
    253                    // The message fields are defined in AF.h
    254                    afDataConfirm = (afDataConfirm_t *)MSGpkt;
    255                    sentEP = afDataConfirm->endpoint;
    256                    sentStatus = afDataConfirm->hdr.status;
    257                    sentTransID = afDataConfirm->transID;
    258                    (void)sentEP;
    259                    (void)sentTransID;
    260          
    261                    // Action taken when confirmation is received.
    262                    if ( sentStatus != ZSuccess )
    263                    {
    264                      // The data wasn't delivered -- Do something
    265                    }
    266                    break;
    267          
    268                  case AF_INCOMING_MSG_CMD:
    269                    TestAPP_MessageMSGCB( MSGpkt );
    270                    break;
    271          
    272                  case ZDO_STATE_CHANGE:
    273                    TestAPP_NwkState = (devStates_t)(MSGpkt->hdr.status);
   \                     ??TestAPP_ProcessEvent_2:
   \   000013   A3           INC     DPTR
   \   000014   E0           MOVX    A,@DPTR
   \   000015   90....       MOV     DPTR,#TestAPP_NwkState
   \   000018   F0           MOVX    @DPTR,A
    274                    
    275                    if (TestAPP_NwkState == DEV_ZB_COORD){
   \   000019   6409         XRL     A,#0x9
   \   00001B   7025         JNZ     ??TestAPP_ProcessEvent_3
    276                        //协调器
    277                        LS164_BYTE(11);
   \   00001D                ; Setup parameters for call to function LS164_BYTE
   \   00001D   790B         MOV     R1,#0xb
   \   00001F   12....       LCALL   ??LS164_BYTE?relay
    278                        //osal_set_event(TestAPP_TaskID,TestAPP_SEND_MSG_EVT);
    279                        //osal_start_timerEx(TestAPP_TaskID,TestAPP_SEND_MSG_EVT,2000);
    280                        //osal_start_timerEx(TestAPP_TaskID,TestAPP_EVT,3000);
    281                        
    282                        // 定义一个名为keyChange_t的结构体指针msgPtr
    283                        keyChange_t *msgPtr;
    284                        
    285                        //定义按键响应消息
    286                        msgPtr = (keyChange_t *)osal_msg_allocate( sizeof(keyChange_t) );
   \   000022                ; Setup parameters for call to function osal_msg_allocate
   \   000022   7A04         MOV     R2,#0x4
   \   000024   7B00         MOV     R3,#0x0
   \   000026   12....       LCALL   ??osal_msg_allocate?relay
    287                        
    288                        if ( msgPtr ){
   \   000029   EA           MOV     A,R2
   \   00002A   4B           ORL     A,R3
   \   00002B   6015         JZ      ??TestAPP_ProcessEvent_3
    289                            // 将消息头部的事件设置为KEY_CHANGE
    290                            msgPtr->hdr.event = KEY_CHANGE;
   \   00002D   8A82         MOV     DPL,R2
   \   00002F   8B83         MOV     DPH,R3
   \   000031   74C0         MOV     A,#-0x40
   \   000033   F0           MOVX    @DPTR,A
    291                            // 将键值设置为3
    292                            msgPtr->keys=3;
   \   000034   A3           INC     DPTR
   \   000035   A3           INC     DPTR
   \   000036   A3           INC     DPTR
   \   000037   7403         MOV     A,#0x3
   \   000039   F0           MOVX    @DPTR,A
    293                            
    294                            //将发送给TestAPP_TaskID任务的消息压入消息队列，并响应系统事件osal_set_event(TestAPP_TaskID,SYS_EVENT_MSG);
    295                            osal_msg_send( TestAPP_TaskID, (uint8 *)msgPtr );
   \   00003A                ; Setup parameters for call to function osal_msg_send
   \   00003A   90....       MOV     DPTR,#TestAPP_TaskID
   \   00003D   E0           MOVX    A,@DPTR
   \   00003E   F9           MOV     R1,A
   \   00003F   12....       LCALL   ??osal_msg_send?relay
    296                        }
    297          
    298                    }
    299          
    300                    if (TestAPP_NwkState == DEV_ROUTER){
   \                     ??TestAPP_ProcessEvent_3:
   \   000042   90....       MOV     DPTR,#TestAPP_NwkState
   \   000045   E0           MOVX    A,@DPTR
   \   000046   6407         XRL     A,#0x7
   \   000048   7005         JNZ     ??TestAPP_ProcessEvent_4
    301                        //路由器
    302                        LS164_BYTE(12);
   \   00004A                ; Setup parameters for call to function LS164_BYTE
   \   00004A   790C         MOV     R1,#0xc
   \   00004C   12....       LCALL   ??LS164_BYTE?relay
    303                    }
    304                        
    305                    if (TestAPP_NwkState == DEV_END_DEVICE){
   \                     ??TestAPP_ProcessEvent_4:
   \   00004F   90....       MOV     DPTR,#TestAPP_NwkState
   \   000052   E0           MOVX    A,@DPTR
   \   000053   6406         XRL     A,#0x6
   \   000055   7005         JNZ     ??TestAPP_ProcessEvent_5
    306                        //终端
    307                        LS164_BYTE(1); 
   \   000057                ; Setup parameters for call to function LS164_BYTE
   \   000057   7901         MOV     R1,#0x1
   \                     ??TestAPP_ProcessEvent_6:
   \   000059   12....       LCALL   ??LS164_BYTE?relay
    308                    }   
    309                    break;
    310                  default:
    311                    break;
    312                }
    313          
    314                // Release the memory
    315                osal_msg_deallocate( (uint8 *)MSGpkt );
   \                     ??TestAPP_ProcessEvent_5:
   \   00005C                ; Setup parameters for call to function osal_msg_deallocate
   \   00005C   EE           MOV     A,R6
   \   00005D   FA           MOV     R2,A
   \   00005E   EF           MOV     A,R7
   \   00005F   FB           MOV     R3,A
   \   000060   12....       LCALL   ??osal_msg_deallocate?relay
    316          
    317                // Next
    318                MSGpkt = (afIncomingMSGPacket_t *)osal_msg_receive( TestAPP_TaskID );
   \   000063                ; Setup parameters for call to function osal_msg_receive
   \                     ??TestAPP_ProcessEvent_1:
   \   000063   90....       MOV     DPTR,#TestAPP_TaskID
   \   000066   E0           MOVX    A,@DPTR
   \   000067   F9           MOV     R1,A
   \   000068   12....       LCALL   ??osal_msg_receive?relay
   \   00006B   8A..         MOV     ?V0 + 2,R2
   \   00006D   8B..         MOV     ?V0 + 3,R3
   \   00006F   AE..         MOV     R6,?V0 + 2
   \   000071   AF..         MOV     R7,?V0 + 3
   \   000073   EE           MOV     A,R6
   \   000074   4F           ORL     A,R7
   \   000075   602E         JZ      ??TestAPP_ProcessEvent_7
   \   000077   8E82         MOV     DPL,R6
   \   000079   8F83         MOV     DPH,R7
   \   00007B   E0           MOVX    A,@DPTR
   \   00007C   24E6         ADD     A,#-0x1a
   \   00007E   601C         JZ      ??TestAPP_ProcessEvent_8
   \   000080   245A         ADD     A,#0x5a
   \   000082   6011         JZ      ??TestAPP_ProcessEvent_9
   \   000084   24EF         ADD     A,#-0x11
   \   000086   608B         JZ      ??TestAPP_ProcessEvent_2
   \   000088   24FE         ADD     A,#-0x2
   \   00008A   70D0         JNZ     ??TestAPP_ProcessEvent_5
   \   00008C                ; Setup parameters for call to function TestAPP_ProcessZDOMsgs
   \   00008C   EE           MOV     A,R6
   \   00008D   FA           MOV     R2,A
   \   00008E   EF           MOV     A,R7
   \   00008F   FB           MOV     R3,A
   \   000090   12....       LCALL   ??TestAPP_ProcessZDOMsgs?relay
   \   000093   80C7         SJMP    ??TestAPP_ProcessEvent_5
   \                     ??TestAPP_ProcessEvent_9:
   \   000095                ; Setup parameters for call to function LS164_BYTE
   \   000095   A3           INC     DPTR
   \   000096   A3           INC     DPTR
   \   000097   A3           INC     DPTR
   \   000098   E0           MOVX    A,@DPTR
   \   000099   F9           MOV     R1,A
   \   00009A   80BD         SJMP    ??TestAPP_ProcessEvent_6
   \                     ??TestAPP_ProcessEvent_8:
   \   00009C                ; Setup parameters for call to function TestAPP_MessageMSGCB
   \   00009C   EE           MOV     A,R6
   \   00009D   FA           MOV     R2,A
   \   00009E   EF           MOV     A,R7
   \   00009F   FB           MOV     R3,A
   \   0000A0   12....       LCALL   ??TestAPP_MessageMSGCB?relay
   \   0000A3   80B7         SJMP    ??TestAPP_ProcessEvent_5
    319              }
    320          
    321              // return unprocessed events
    322              return (events ^ SYS_EVENT_MSG);
   \                     ??TestAPP_ProcessEvent_7:
   \   0000A5   AA..         MOV     R2,?V0 + 0
   \   0000A7   E5..         MOV     A,?V0 + 1
   \   0000A9   6480         XRL     A,#0x80
   \   0000AB   FB           MOV     R3,A
   \   0000AC   8044         SJMP    ??TestAPP_ProcessEvent_10
    323            }
    324          
    325            // Send a message out - This event is generated by a timer
    326            //  (setup in TestAPP_Init()).
    327            if ( events & TestAPP_SEND_MSG_EVT ){
   \                     ??TestAPP_ProcessEvent_0:
   \   0000AE   EA           MOV     A,R2
   \   0000AF   A2E0         MOV     C,0xE0 /* A   */.0
   \   0000B1   500A         JNC     ??TestAPP_ProcessEvent_11
    328                
    329              P0DIR |= 0X02;
   \   0000B3   43FD02       ORL     0xfd,#0x2
    330              P0_1 = 0;
   \   0000B6   C281         CLR     0x80.1
    331                
    332              // return unprocessed events
    333              return (events ^ TestAPP_SEND_MSG_EVT);
   \   0000B8   6401         XRL     A,#0x1
   \   0000BA   FA           MOV     R2,A
   \   0000BB   8035         SJMP    ??TestAPP_ProcessEvent_10
    334            }
    335            
    336            
    337            if ( events & TestAPP_EVT ){
   \                     ??TestAPP_ProcessEvent_11:
   \   0000BD   5402         ANL     A,#0x2
   \   0000BF   602D         JZ      ??TestAPP_ProcessEvent_12
    338               
    339               P0SEL &=0XEF;//1110 1111 
   \   0000C1   53F3EF       ANL     0xf3,#0xef
    340               P0DIR |= 0X10;
   \   0000C4   43FD10       ORL     0xfd,#0x10
    341               P0_4 ^= 1;
   \   0000C7   638010       XRL     0x80,#0x10
    342               
    343               if(0==P1_1){/*按钮3按下*/LS164_BYTE(3);}
   \   0000CA   A291         MOV     C,0x90.1
   \   0000CC   4005         JC      ??TestAPP_ProcessEvent_13
   \   0000CE                ; Setup parameters for call to function LS164_BYTE
   \   0000CE   7903         MOV     R1,#0x3
   \   0000D0   12....       LCALL   ??LS164_BYTE?relay
    344               if(0==P2_0){/*按钮4按下*/LS164_BYTE(4);}
   \                     ??TestAPP_ProcessEvent_13:
   \   0000D3   A2A0         MOV     C,0xa0.0
   \   0000D5   4005         JC      ??TestAPP_ProcessEvent_14
   \   0000D7                ; Setup parameters for call to function LS164_BYTE
   \   0000D7   7904         MOV     R1,#0x4
   \   0000D9   12....       LCALL   ??LS164_BYTE?relay
    345               if(0==P0_5){/*按钮5按下*/LS164_BYTE(5);}
   \                     ??TestAPP_ProcessEvent_14:
   \   0000DC   A285         MOV     C,0x80.5
   \   0000DE   4005         JC      ??TestAPP_ProcessEvent_15
   \   0000E0                ; Setup parameters for call to function LS164_BYTE
   \   0000E0   7905         MOV     R1,#0x5
   \   0000E2   12....       LCALL   ??LS164_BYTE?relay
    346                
    347               return (events ^ TestAPP_EVT);
   \                     ??TestAPP_ProcessEvent_15:
   \   0000E5   E5..         MOV     A,?V0 + 0
   \   0000E7   6402         XRL     A,#0x2
   \   0000E9   FA           MOV     R2,A
   \   0000EA   AB..         MOV     R3,?V0 + 1
   \   0000EC   8004         SJMP    ??TestAPP_ProcessEvent_10
    348            }
    349          
    350            // Discard unknown events
    351            return 0;
   \                     ??TestAPP_ProcessEvent_12:
   \   0000EE   7A00         MOV     R2,#0x0
   \   0000F0   7B00         MOV     R3,#0x0
   \                     ??TestAPP_ProcessEvent_10:
   \   0000F2   7F04         MOV     R7,#0x4
   \   0000F4   02....       LJMP    ?BANKED_LEAVE_XDATA
   \   0000F7                REQUIRE P0DIR
   \   0000F7                REQUIRE _A_P0
   \   0000F7                REQUIRE P0SEL
   \   0000F7                REQUIRE _A_P1
   \   0000F7                REQUIRE _A_P2
    352          }
    353          
    354          /*********************************************************************
    355           * Event Generation Functions
    356           */
    357          
    358          /*********************************************************************
    359           * @fn      TestAPP_ProcessZDOMsgs()
    360           *
    361           * @brief   Process response messages
    362           *
    363           * @param   none
    364           *
    365           * @return  none
    366           */

   \                                 In  segment BANKED_CODE, align 1, keep-with-next
    367          void TestAPP_ProcessZDOMsgs( zdoIncomingMsg_t *inMsg )
   \                     TestAPP_ProcessZDOMsgs:
    368          {
   \   000000   74F6         MOV     A,#-0xa
   \   000002   12....       LCALL   ?BANKED_ENTER_XDATA
   \   000005                ; Saved register size: 10
   \   000005                ; Auto size: 0
    369            switch ( inMsg->clusterID )
   \   000005   EA           MOV     A,R2
   \   000006   240C         ADD     A,#0xc
   \   000008   F582         MOV     DPL,A
   \   00000A   EB           MOV     A,R3
   \   00000B   3400         ADDC    A,#0x0
   \   00000D   F583         MOV     DPH,A
   \   00000F   E0           MOVX    A,@DPTR
   \   000010   F5..         MOV     ?V0 + 0,A
   \   000012   A3           INC     DPTR
   \   000013   E0           MOVX    A,@DPTR
   \   000014   F5..         MOV     ?V0 + 1,A
   \   000016   78..         MOV     R0,#?V0 + 0
   \   000018   12....       LCALL   ?US_SWITCH_SPARSE
   \                     `?<Jumptable for TestAPP_ProcessZDOMsgs>_0`:
   \   00001B   0000         DW        0
   \   00001D   0200         DW        2
   \   00001F   0680         DW        32774
   \   000021   ....         DW        ??TestAPP_ProcessZDOMsgs_0
   \   000023   2080         DW        32800
   \   000025   ....         DW        ??TestAPP_ProcessZDOMsgs_1
   \   000027   ....         DW        ??TestAPP_ProcessZDOMsgs_2
    370            {
    371              case End_Device_Bind_rsp:
    372                if ( ZDO_ParseBindRsp( inMsg ) == ZSuccess )
   \                     ??TestAPP_ProcessZDOMsgs_1:
   \   000029   EA           MOV     A,R2
   \   00002A   2413         ADD     A,#0x13
   \   00002C   F582         MOV     DPL,A
   \   00002E   EB           MOV     A,R3
   \   00002F   3400         ADDC    A,#0x0
   \   000031   F583         MOV     DPH,A
   \   000033   E0           MOVX    A,@DPTR
   \   000034   F8           MOV     R0,A
   \   000035   A3           INC     DPTR
   \   000036   E0           MOVX    A,@DPTR
   \   000037   F583         MOV     DPH,A
   \   000039   8882         MOV     DPL,R0
   \   00003B   E0           MOVX    A,@DPTR
   \   00003C   7009         JNZ     ??TestAPP_ProcessZDOMsgs_3
    373                {
    374                  // Light LED
    375                  HalLedSet( HAL_LED_4, HAL_LED_MODE_ON );
   \   00003E                ; Setup parameters for call to function HalLedSet
   \   00003E   7A01         MOV     R2,#0x1
   \                     ??TestAPP_ProcessZDOMsgs_4:
   \   000040   7908         MOV     R1,#0x8
   \   000042   12....       LCALL   ??HalLedSet?relay
   \   000045   8053         SJMP    ??TestAPP_ProcessZDOMsgs_2
    376                }
    377          #if defined(BLINK_LEDS)
    378                else
    379                {
    380                  // Flash LED to show failure
    381                  HalLedSet ( HAL_LED_4, HAL_LED_MODE_FLASH );
   \                     ??TestAPP_ProcessZDOMsgs_3:
   \   000047                ; Setup parameters for call to function HalLedSet
   \   000047   7A04         MOV     R2,#0x4
   \   000049   80F5         SJMP    ??TestAPP_ProcessZDOMsgs_4
    382                }
    383          #endif
    384                break;
    385          
    386              case Match_Desc_rsp:
    387                {
    388                  ZDO_ActiveEndpointRsp_t *pRsp = ZDO_ParseEPListRsp( inMsg );
   \                     ??TestAPP_ProcessZDOMsgs_0:
   \   00004B                ; Setup parameters for call to function ZDO_ParseEPListRsp
   \   00004B   12....       LCALL   ??ZDO_ParseEPListRsp?relay
   \   00004E   8A..         MOV     ?V0 + 0,R2
   \   000050   8B..         MOV     ?V0 + 1,R3
   \   000052   AE..         MOV     R6,?V0 + 0
   \   000054   AF..         MOV     R7,?V0 + 1
    389                  if ( pRsp )
   \   000056   EE           MOV     A,R6
   \   000057   4F           ORL     A,R7
   \   000058   6040         JZ      ??TestAPP_ProcessZDOMsgs_2
    390                  {
    391                    if ( pRsp->status == ZSuccess && pRsp->cnt )
   \   00005A   8E82         MOV     DPL,R6
   \   00005C   8F83         MOV     DPH,R7
   \   00005E   E0           MOVX    A,@DPTR
   \   00005F   7032         JNZ     ??TestAPP_ProcessZDOMsgs_5
   \   000061   A3           INC     DPTR
   \   000062   A3           INC     DPTR
   \   000063   A3           INC     DPTR
   \   000064   E0           MOVX    A,@DPTR
   \   000065   602C         JZ      ??TestAPP_ProcessZDOMsgs_5
    392                    {
    393                      TestAPP_DstAddr.addrMode = (afAddrMode_t)Addr16Bit;
   \   000067   90....       MOV     DPTR,#TestAPP_DstAddr + 8
   \   00006A   7402         MOV     A,#0x2
   \   00006C   F0           MOVX    @DPTR,A
    394                      TestAPP_DstAddr.addr.shortAddr = pRsp->nwkAddr;
   \   00006D   8E82         MOV     DPL,R6
   \   00006F   8F83         MOV     DPH,R7
   \   000071   A3           INC     DPTR
   \   000072   E0           MOVX    A,@DPTR
   \   000073   F8           MOV     R0,A
   \   000074   A3           INC     DPTR
   \   000075   E0           MOVX    A,@DPTR
   \   000076   F9           MOV     R1,A
   \   000077   90....       MOV     DPTR,#TestAPP_DstAddr
   \   00007A   E8           MOV     A,R0
   \   00007B   F0           MOVX    @DPTR,A
   \   00007C   A3           INC     DPTR
   \   00007D   E9           MOV     A,R1
   \   00007E   F0           MOVX    @DPTR,A
    395                      // Take the first endpoint, Can be changed to search through endpoints
    396                      TestAPP_DstAddr.endPoint = pRsp->epList[0];
   \   00007F   8E82         MOV     DPL,R6
   \   000081   8F83         MOV     DPH,R7
   \   000083   A3           INC     DPTR
   \   000084   A3           INC     DPTR
   \   000085   A3           INC     DPTR
   \   000086   A3           INC     DPTR
   \   000087   E0           MOVX    A,@DPTR
   \   000088   90....       MOV     DPTR,#TestAPP_DstAddr + 9
   \   00008B   F0           MOVX    @DPTR,A
    397          
    398                      // Light LED
    399                      HalLedSet( HAL_LED_4, HAL_LED_MODE_ON );
   \   00008C                ; Setup parameters for call to function HalLedSet
   \   00008C   7A01         MOV     R2,#0x1
   \   00008E   7908         MOV     R1,#0x8
   \   000090   12....       LCALL   ??HalLedSet?relay
    400                    }
    401                    osal_mem_free( pRsp );
   \                     ??TestAPP_ProcessZDOMsgs_5:
   \   000093                ; Setup parameters for call to function osal_mem_free
   \   000093   EE           MOV     A,R6
   \   000094   FA           MOV     R2,A
   \   000095   EF           MOV     A,R7
   \   000096   FB           MOV     R3,A
   \   000097   12....       LCALL   ??osal_mem_free?relay
    402                  }
    403                }
    404                break;
    405            }
    406          }
   \                     ??TestAPP_ProcessZDOMsgs_2:
   \   00009A                REQUIRE ?Subroutine1
   \   00009A                ; // Fall through to label ?Subroutine1

   \                                 In  segment BANKED_CODE, align 1, keep-with-next
   \                     ?Subroutine1:
   \   000000   7F02         MOV     R7,#0x2
   \   000002   02....       LJMP    ?BANKED_LEAVE_XDATA
    407          
    408          /*********************************************************************
    409           * @fn      TestAPP_HandleKeys
    410           *
    411           * @brief   Handles all key events for this device.
    412           *
    413           * @param   shift - true if in shift/alt.
    414           * @param   keys - bit field for key events. Valid entries:
    415           *                 HAL_KEY_SW_4
    416           *                 HAL_KEY_SW_3
    417           *                 HAL_KEY_SW_2
    418           *                 HAL_KEY_SW_1
    419           *
    420           * @return  none
    421           */

   \                                 In  segment BANKED_CODE, align 1, keep-with-next
    422          void TestAPP_HandleKeys( byte shift, byte keys )
   \                     TestAPP_HandleKeys:
    423          {
   \   000000   74F7         MOV     A,#-0x9
   \   000002   12....       LCALL   ?BANKED_ENTER_XDATA
   \   000005                ; Saved register size: 9
   \   000005                ; Auto size: 0
   \   000005   EA           MOV     A,R2
    424             LS164_BYTE(keys);
   \   000006                ; Setup parameters for call to function LS164_BYTE
   \   000006   F9           MOV     R1,A
   \   000007   12....       LCALL   ??LS164_BYTE?relay
    425          }
   \   00000A   02....       LJMP    ?Subroutine0 & 0xFFFF
    426          
    427          /*********************************************************************
    428           * LOCAL FUNCTIONS
    429           */
    430          
    431          /*********************************************************************
    432           * @fn      TestAPP_MessageMSGCB
    433           *
    434           * @brief   Data message processor callback.  This function processes
    435           *          any incoming data - probably from other devices.  So, based
    436           *          on cluster ID, perform the intended action.
    437           *
    438           * @param   none
    439           *
    440           * @return  none
    441           */

   \                                 In  segment BANKED_CODE, align 1, keep-with-next
    442          void TestAPP_MessageMSGCB( afIncomingMSGPacket_t *pkt )
   \                     TestAPP_MessageMSGCB:
    443          {
   \   000000   C082         PUSH    DPL
   \   000002   C083         PUSH    DPH
   \   000004                ; Saved register size: 2
   \   000004                ; Auto size: 0
    444            switch ( pkt->clusterId )
   \   000004   8A82         MOV     DPL,R2
   \   000006   8B83         MOV     DPH,R3
   \   000008   A3           INC     DPTR
   \   000009   A3           INC     DPTR
   \   00000A   A3           INC     DPTR
   \   00000B   A3           INC     DPTR
   \   00000C   E0           MOVX    A,@DPTR
   \   00000D   6401         XRL     A,#0x1
   \   00000F   7002         JNZ     ??TestAPP_MessageMSGCB_0
   \   000011   A3           INC     DPTR
   \   000012   E0           MOVX    A,@DPTR
   \                     ??TestAPP_MessageMSGCB_0:
   \   000013   7016         JNZ     ??TestAPP_MessageMSGCB_1
    445            {
    446              case TestAPP_CLUSTERID:
    447                // "the" message
    448          #if defined( LCD_SUPPORTED )
    449                HalLcdWriteScreen( (char*)pkt->cmd.Data, "rcvd" );
   \   000015                ; Setup parameters for call to function HalLcdWriteScreen
   \   000015   7C..         MOV     R4,#`?<Constant "rcvd">` & 0xff
   \   000017   7D..         MOV     R5,#(`?<Constant "rcvd">` >> 8) & 0xff
   \   000019   EA           MOV     A,R2
   \   00001A   2421         ADD     A,#0x21
   \   00001C   F582         MOV     DPL,A
   \   00001E   EB           MOV     A,R3
   \   00001F   3400         ADDC    A,#0x0
   \   000021   F583         MOV     DPH,A
   \   000023   E0           MOVX    A,@DPTR
   \   000024   FA           MOV     R2,A
   \   000025   A3           INC     DPTR
   \   000026   E0           MOVX    A,@DPTR
   \   000027   FB           MOV     R3,A
   \   000028   12....       LCALL   ??HalLcdWriteScreen?relay
    450          #elif defined( WIN32 )
    451                WPRINTSTR( pkt->cmd.Data );
    452          #endif
    453                break;
    454            }
    455          }
   \                     ??TestAPP_MessageMSGCB_1:
   \   00002B   D083         POP     DPH
   \   00002D   D082         POP     DPL
   \   00002F   02....       LJMP    ?BRET
    456          
    457          /*********************************************************************
    458           * @fn      TestAPP_SendTheMessage
    459           *
    460           * @brief   Send "the" message.
    461           *
    462           * @param   none
    463           *
    464           * @return  none
    465           */

   \                                 In  segment BANKED_CODE, align 1, keep-with-next
    466          void TestAPP_SendTheMessage( void )
   \                     TestAPP_SendTheMessage:
    467          {
   \   000000   74F6         MOV     A,#-0xa
   \   000002   12....       LCALL   ?BANKED_ENTER_XDATA
   \   000005                ; Saved register size: 10
   \   000005                ; Auto size: 12
   \   000005   74F4         MOV     A,#-0xc
   \   000007   12....       LCALL   ?ALLOC_XSTACK8
    468            char theMessageData[] = "Hello World";
   \   00000A   85..82       MOV     DPL,?XSP + 0
   \   00000D   85..83       MOV     DPH,?XSP + 1
   \   000010   AC82         MOV     R4,DPL
   \   000012   AD83         MOV     R5,DPH
   \   000014   7583..       MOV     DPH,#(`?<Constant "Hello World">` >> 8) & 0xff
   \   000017   7582..       MOV     DPL,#`?<Constant "Hello World">` & 0xff
   \   00001A   740C         MOV     A,#0xc
   \   00001C   12....       LCALL   ?MOVE_LONG8_XDATA_XDATA
    469          
    470            if ( AF_DataRequest( &TestAPP_DstAddr, &TestAPP_epDesc,
    471                                 TestAPP_CLUSTERID,
    472                                 (byte)osal_strlen( theMessageData ) + 1,
    473                                 (byte *)&theMessageData,
    474                                 &TestAPP_TransID,
    475                                 AF_DISCV_ROUTE, AF_DEFAULT_RADIUS ) == afStatus_SUCCESS )
   \   00001F                ; Setup parameters for call to function AF_DataRequest
   \   00001F   75..1E       MOV     ?V0 + 0,#0x1e
   \   000022   78..         MOV     R0,#?V0 + 0
   \   000024   12....       LCALL   ?PUSH_XSTACK_I_ONE
   \   000027   75....       MOV     ?V0 + 0,#TestAPP_TransID & 0xff
   \   00002A   75....       MOV     ?V0 + 1,#(TestAPP_TransID >> 8) & 0xff
   \   00002D   78..         MOV     R0,#?V0 + 0
   \   00002F   12....       LCALL   ?PUSH_XSTACK_I_TWO
   \   000032   7403         MOV     A,#0x3
   \   000034   12....       LCALL   ?XSTACK_DISP0_8
   \   000037   8582..       MOV     ?V0 + 0,DPL
   \   00003A   8583..       MOV     ?V0 + 1,DPH
   \   00003D   78..         MOV     R0,#?V0 + 0
   \   00003F   12....       LCALL   ?PUSH_XSTACK_I_TWO
   \   000042                ; Setup parameters for call to function osal_strlen
   \   000042   7405         MOV     A,#0x5
   \   000044   12....       LCALL   ?XSTACK_DISP0_8
   \   000047   AA82         MOV     R2,DPL
   \   000049   AB83         MOV     R3,DPH
   \   00004B   12....       LCALL   ??osal_strlen?relay
   \   00004E   EA           MOV     A,R2
   \   00004F   2401         ADD     A,#0x1
   \   000051   F5..         MOV     ?V0 + 0,A
   \   000053   E4           CLR     A
   \   000054   3400         ADDC    A,#0x0
   \   000056   F5..         MOV     ?V0 + 1,A
   \   000058   78..         MOV     R0,#?V0 + 0
   \   00005A   12....       LCALL   ?PUSH_XSTACK_I_TWO
   \   00005D   75..01       MOV     ?V0 + 0,#0x1
   \   000060   75..00       MOV     ?V0 + 1,#0x0
   \   000063   78..         MOV     R0,#?V0 + 0
   \   000065   12....       LCALL   ?PUSH_XSTACK_I_TWO
   \   000068   7920         MOV     R1,#0x20
   \   00006A   7C..         MOV     R4,#TestAPP_epDesc & 0xff
   \   00006C   7D..         MOV     R5,#(TestAPP_epDesc >> 8) & 0xff
   \   00006E   7A..         MOV     R2,#TestAPP_DstAddr & 0xff
   \   000070   7B..         MOV     R3,#(TestAPP_DstAddr >> 8) & 0xff
   \   000072   12....       LCALL   ??AF_DataRequest?relay
   \   000075   7409         MOV     A,#0x9
   \   000077   12....       LCALL   ?DEALLOC_XSTACK8
    476            {
    477              // Successfully requested to be sent.
    478            }
    479            else
    480            {
    481              // Error occurred in request to send.
    482            }
    483          }
   \   00007A   740C         MOV     A,#0xc
   \   00007C   12....       LCALL   ?DEALLOC_XSTACK8
   \   00007F   02....       LJMP    ?Subroutine1 & 0xFFFF

   \                                 In  segment BANK_RELAYS, align 1
   \                     ??TestAPP_Init?relay:
   \   000000   12....       LCALL   ?BDISPATCH
   \   000003   ......       DC24    TestAPP_Init

   \                                 In  segment BANK_RELAYS, align 1
   \                     ??TestAPP_ProcessEvent?relay:
   \   000000   12....       LCALL   ?BDISPATCH
   \   000003   ......       DC24    TestAPP_ProcessEvent

   \                                 In  segment BANK_RELAYS, align 1
   \                     ??TestAPP_ProcessZDOMsgs?relay:
   \   000000   12....       LCALL   ?BDISPATCH
   \   000003   ......       DC24    TestAPP_ProcessZDOMsgs

   \                                 In  segment BANK_RELAYS, align 1
   \                     ??TestAPP_HandleKeys?relay:
   \   000000   12....       LCALL   ?BDISPATCH
   \   000003   ......       DC24    TestAPP_HandleKeys

   \                                 In  segment BANK_RELAYS, align 1
   \                     ??TestAPP_MessageMSGCB?relay:
   \   000000   12....       LCALL   ?BDISPATCH
   \   000003   ......       DC24    TestAPP_MessageMSGCB

   \                                 In  segment BANK_RELAYS, align 1
   \                     ??TestAPP_SendTheMessage?relay:
   \   000000   12....       LCALL   ?BDISPATCH
   \   000003   ......       DC24    TestAPP_SendTheMessage

   \                                 In  segment XDATA_ROM_C, align 1
   \                     `?<Constant "TestAPP">`:
   \   000000   54657374     DB "TestAPP"
   \            41505000

   \                                 In  segment XDATA_ROM_C, align 1
   \                     `?<Constant "rcvd">`:
   \   000000   72637664     DB "rcvd"
   \            00      

   \                                 In  segment XDATA_ROM_C, align 1
   \                     `?<Constant "Hello World">`:
   \   000000   48656C6C     DB "Hello World"
   \            6F20576F
   \            726C6400
    484          
    485          /*********************************************************************
    486          *********************************************************************/

   Maximum stack usage in bytes:

     Function                    ISTACK PSTACK XSTACK
     --------                    ------ ------ ------
     TestAPP_HandleKeys              0      0      9
       -> LS164_BYTE                 0      0     18
     TestAPP_Init                    0      0      9
       -> afRegister                 0      0     18
       -> RegisterForKeys            0      0     18
       -> HalLcdWriteString          0      0     18
       -> ZDO_RegisterForZDOMsg      0      0     18
       -> ZDO_RegisterForZDOMsg      0      0     18
     TestAPP_MessageMSGCB            2      0     12
       -> HalLcdWriteScreen          4      0      0
     TestAPP_ProcessEvent            0      0     12
       -> osal_msg_receive           0      0     24
       -> LS164_BYTE                 0      0     24
       -> osal_msg_allocate          0      0     24
       -> osal_msg_send              0      0     24
       -> LS164_BYTE                 0      0     24
       -> LS164_BYTE                 0      0     24
       -> osal_msg_deallocate        0      0     24
       -> osal_msg_receive           0      0     24
       -> TestAPP_ProcessZDOMsgs     0      0     24
       -> LS164_BYTE                 0      0     24
       -> TestAPP_MessageMSGCB       0      0     24
       -> LS164_BYTE                 0      0     24
       -> LS164_BYTE                 0      0     24
       -> LS164_BYTE                 0      0     24
     TestAPP_ProcessZDOMsgs          0      0     22
       -> HalLedSet                  0      0     20
       -> HalLedSet                  0      0     20
       -> ZDO_ParseEPListRsp         0      0     20
       -> HalLedSet                  0      0     20
       -> osal_mem_free              0      0     20
     TestAPP_SendTheMessage          2      0     31
       -> osal_strlen                0      0     54
       -> AF_DataRequest             0      0     62


   Segment part sizes:

     Function/Label                 Bytes
     --------------                 -----
     _A_P0                             1
     _A_P1                             1
     _A_P2                             1
     P0SEL                             1
     P0DIR                             1
     TestAPP_ClusterList               2
     TestAPP_SimpleDesc               12
     TestAPP_epDesc                    6
     TestAPP_TaskID                    1
     TestAPP_NwkState                  1
     TestAPP_TransID                   1
     TestAPP_DstAddr                  12
     TestAPP_Init                    106
     ?Subroutine0                      5
     TestAPP_ProcessEvent            247
     TestAPP_ProcessZDOMsgs          154
     ?Subroutine1                      5
     TestAPP_HandleKeys               13
     TestAPP_MessageMSGCB             50
     TestAPP_SendTheMessage          130
     ??TestAPP_Init?relay              6
     ??TestAPP_ProcessEvent?relay      6
     ??TestAPP_ProcessZDOMsgs?relay    6
     ??TestAPP_HandleKeys?relay        6
     ??TestAPP_MessageMSGCB?relay      6
     ??TestAPP_SendTheMessage?relay    6
     ?<Constant "TestAPP">             8
     ?<Constant "rcvd">                5
     ?<Constant "Hello World">        12

 
 710 bytes in segment BANKED_CODE
  36 bytes in segment BANK_RELAYS
   5 bytes in segment SFR_AN
  39 bytes in segment XDATA_ROM_C
  21 bytes in segment XDATA_Z
 
 746 bytes of CODE  memory
  39 bytes of CONST memory
   0 bytes of DATA  memory (+ 5 bytes shared)
  21 bytes of XDATA memory

Errors: none
Warnings: none
