################################################################################
#                                                                              #
#      IAR Universal Linker V6.6.2.104                                         #
#                                                                              #
#           Link time     =  26/Sep/2023  20:18:42                             #
#           Target CPU    =  x51                                               #
#           List file     =  E:\ZigBee-Project\test05_1\Debug\List\test.map    #
#           Output file 1 =  E:\ZigBee-Project\test05_1\Debug\Exe\test.hex     #
#                            Format: intel-extended                            #
#           Output file 2 =  E:\ZigBee-Project\test05_1\Debug\Exe\test.d51     #
#                            Format: ubrof10                                   #
#                            UBROF version 10.0.6                              #
#                            Using library modules for C-SPY (-rt)             #
#           Command line  =  -f                                                #
#                            C:\Users\yuan_hao\AppData\Local\Temp\EW2761.tmp   #
#                            (E:\ZigBee-Project\test05_1\Debug\Obj\74LS164_8LE #
#                            D.r51                                             #
#                            E:\ZigBee-Project\test05_1\Debug\Obj\main.r51     #
#                            -o                                                #
#                            E:\ZigBee-Project\test05_1\Debug\Exe\test.d51     #
#                            -l                                                #
#                            E:\ZigBee-Project\test05_1\Debug\List\test.map    #
#                            -xms                                              #
#                            "-ID:\Program Files (x86)\IAR Systems\Embedded Wo #
#                            rkbench 8.3\8051\LIB\"                            #
#                            -f                                                #
#                            "D:\Program Files (x86)\IAR Systems\Embedded Work #
#                            bench 8.3\8051\config\devices\Texas Instruments\l #
#                            nk51ew_CC2530F256_banked.xcl"                     #
#                            (-D_IDATA0_START=0x00 -D_IDATA0_END=0xFF          #
#                            -D_PDATA0_START=0x1E00 -D_PDATA0_END=0x1EFF       #
#                            -D_IXDATA0_START=0x0001 -D_IXDATA0_END=0x1EFF     #
#                            -D_XDATA0_START=_IXDATA0_START                    #
#                            -D_XDATA0_END=_IXDATA0_END                        #
#                            -D_NEAR_CODE_START=0x0000                         #
#                            -D_FIRST_BANK_ADDR=0x10000 -D?REGISTER_BANK=0x0   #
#                            -D_REGISTER_BANK_START=0x0 -D_BREG_START=0x00     #
#                            -D?VB=0x20 -D?B=F0 -D?IE=A8 -D?IP=A9              #
#                            -Z(BIT)BREG=_BREG_START -Z(BIT)BIT_N=0-7F         #
#                            -Z(DATA)REGISTERS+8=_REGISTER_BANK_START          #
#                            -Z(DATA)BDATA_Z,BDATA_N,BDATA_I=20-2F             #
#                            -Z(DATA)VREG=08-7F -Z(DATA)PSP,XSP=08-7F          #
#                            -Z(DATA)DOVERLAY=08-7F                            #
#                            -Z(DATA)DATA_I,DATA_Z,DATA_N=08-7F                #
#                            -U(IDATA)0-7F=(DATA)0-7F                          #
#                            -Z(IDATA)IDATA_I,IDATA_Z,IDATA_N=08-_IDATA0_END   #
#                            -Z(IDATA)ISTACK+_IDATA_STACK_SIZE#08-_IDATA0_END  #
#                            -Z(IDATA)IOVERLAY=08-FF -Z(CODE)INTVEC=0          #
#                            -Z(CODE)CSTART=_NEAR_CODE_START-(_CODEBANK_START- #
#                            1)                                                #
#                            -Z(CODE)BIT_ID,BDATA_ID,DATA_ID,IDATA_ID,IXDATA_I #
#                            D,PDATA_ID,XDATA_ID=_NEAR_CODE_START-(_CODEBANK_S #
#                            TART-1)                                           #
#                            -Z(CODE)BANK_RELAYS,RCODE,DIFUNCT,CODE_C,CODE_N,N #
#                            EAR_CODE=_NEAR_CODE_START-(_CODEBANK_START-1)     #
#                            -P(CODE)BANKED_CODE=_NEAR_CODE_START-(_CODEBANK_S #
#                            TART-1),[(_CODEBANK_START+_FIRST_BANK_ADDR)-(_COD #
#                            EBANK_END+_FIRST_BANK_ADDR)]*_NR_OF_BANKS+10000   #
#                            -Z(CODE)CHECKSUM#(_CODEBANK_START-1)              #
#                            -Z(XDATA)PDATA_Z,PDATA_I=_PDATA0_START-_PDATA0_EN #
#                            D                                                 #
#                            -P(XDATA)PDATA_N=_PDATA0_START-_PDATA0_END        #
#                            -Z(XDATA)PSTACK+_PDATA_STACK_SIZE=_PDATA0_START-_ #
#                            PDATA0_END                                        #
#                            -Z(XDATA)EXT_STACK+_EXTENDED_STACK_SIZE=_EXTENDED #
#                            _STACK_START                                      #
#                            -Z(XDATA)XSTACK+_XDATA_STACK_SIZE=_XDATA0_START-_ #
#                            XDATA0_END                                        #
#                            -Z(XDATA)IXDATA_Z,IXDATA_I=_IXDATA0_START-_IXDATA #
#                            0_END                                             #
#                            -P(XDATA)IXDATA_N=_IXDATA0_START-_IXDATA0_END     #
#                            -Z(XDATA)XDATA_Z,XDATA_I=_XDATA0_START-_XDATA0_EN #
#                            D                                                 #
#                            -P(XDATA)XDATA_N=_XDATA0_START-_XDATA0_END        #
#                            -Z(XDATA)XDATA_HEAP+_XDATA_HEAP_SIZE=_XDATA0_STAR #
#                            T-_XDATA0_END                                     #
#                            -Z(CONST)XDATA_ROM_C=_XDATA0_START-_XDATA0_END    #
#                            -cx51                                             #
#                            -M(CODE)[(_CODEBANK_START+_FIRST_BANK_ADDR)-(_COD #
#                            EBANK_END+_FIRST_BANK_ADDR)]*_NR_OF_BANKS+0x10000 #
#                            =0x8000                                           #
#                            -ww69=i -D_BANK0_START=0x00000                    #
#                            -D_BANK0_END=0x07FFF -D_BANK1_START=0x18000       #
#                            -D_BANK1_END=0x1FFFF -D_BANK2_START=0x28000       #
#                            -D_BANK2_END=0x2FFFF -D_BANK3_START=0x38000       #
#                            -D_BANK3_END=0x3FFFF -D_BANK4_START=0x48000       #
#                            -D_BANK4_END=0x4FFFF -D_BANK5_START=0x58000       #
#                            -D_BANK5_END=0x5FFFF -D_BANK6_START=0x68000       #
#                            -D_BANK6_END=0x6FFFF -D_BANK7_START=0x78000       #
#                            -D_BANK7_END=0x7FFFF                              #
#                            -P(CODE)BANK0=_BANK0_START-_BANK0_END             #
#                            -P(CODE)BANK1=_BANK1_START-_BANK1_END             #
#                            -P(CODE)BANK2=_BANK2_START-_BANK2_END             #
#                            -P(CODE)BANK3=_BANK3_START-_BANK3_END             #
#                            -P(CODE)BANK4=_BANK4_START-_BANK4_END             #
#                            -P(CODE)BANK5=_BANK5_START-_BANK5_END             #
#                            -P(CODE)BANK6=_BANK6_START-_BANK6_END             #
#                            -P(CODE)BANK7=_BANK7_START-_BANK7_END             #
#                            -D_FLASH_LOCK_BITS_START=0x7FFF0                  #
#                            -D_FLASH_LOCK_BITS_END=0x7FFFF                    #
#                            -Z(CODE)FLASH_LOCK_BITS=_FLASH_LOCK_BITS_START-_F #
#                            LASH_LOCK_BITS_END                                #
#                            -U(CODE)0x0000=(CODE)_FLASH_LOCK_BITS_START-_FLAS #
#                            H_LOCK_BITS_END)                                  #
#                            -D_NR_OF_VIRTUAL_REGISTERS=8 -D?PBANK=0x93        #
#                            -D?CBANK=0x9F -D?CBANK_MASK=0xFF                  #
#                            -e?BCALL_FF=?BCALL -e?BRET_FF=?BRET               #
#                            -e?BDISPATCH_FF=?BDISPATCH                        #
#                            -D_CODEBANK_START=0x8000 -D_CODEBANK_END=0xFFFF   #
#                            -D_NR_OF_BANKS=0x03                               #
#                            "-ID:\Program Files (x86)\IAR Systems\Embedded Wo #
#                            rkbench 8.3\8051\CONFIG\"                         #
#                            -rt                                               #
#                            -Ointel-extended=E:\ZigBee-Project\test05_1\Debug #
#                            \Exe\test.hex                                     #
#                            -s __program_start                                #
#                            "D:\Program Files (x86)\IAR Systems\Embedded Work #
#                            bench 8.3\8051\LIB\DLIB\dl-pli-blxd-1e16x01n.r51" #
#                            -D_IDATA_STACK_SIZE=0x40 -D?ESP=0 -D?ESP_MASK=0   #
#                            -D_EXTENDED_STACK_START=0                         #
#                            -D_EXTENDED_STACK_SIZE=0                          #
#                            -D_PDATA_STACK_SIZE=0x80                          #
#                            -D_XDATA_STACK_SIZE=0xEFF                         #
#                            -D_XDATA_HEAP_SIZE=0xFF -D_FAR_HEAP_SIZE=0xFFF    #
#                            -D_HUGE_HEAP_SIZE=0xFFF                           #
#                            -D_FAR22_HEAP_SIZE=0xFFF)                         #
#                                                                              #
#                           Copyright (C) 1987-2019 IAR Systems AB.            #
################################################################################





                ****************************************
                *                                      *
                *           CROSS REFERENCE            *
                *                                      *
                ****************************************

       Program entry at : CODE      000000CD  Relocatable, from module : CSTARTUP




                ****************************************
                *                                      *
                *            RUNTIME MODEL             *
                *                                      *
                ****************************************

  __Heap_Handler             = Basic
  __SystemLibrary            = DLib
  __calling_convention       = xdata_reentrant
  __code_model               = banked
  __core                     = plain
  __data_model               = large
  __dlib_file_descriptor     = 0
  __dlib_full_locale_support = 0
  __dptr_size                = 16
  __extended_stack           = disabled
  __location_for_constants   = data
  __number_of_dptrs          = 1
  __register_banks           = *
  __rt_version               = 1

                ****************************************
                *                                      *
                *    AUTOMATIC SYMBOL REDIRECTIONS     *
                *                                      *
                ****************************************

                  There are no automatic symbol redirections.



                ****************************************
                *                                      *
                *              MODULE MAP              *
                *                                      *
                ****************************************


  DEFINED ABSOLUTE ENTRIES
    *************************************************************************

  DEFINED ABSOLUTE ENTRIES
  PROGRAM MODULE, NAME : ?ABS_ENTRY_MOD

Absolute parts
           ENTRY                   ADDRESS         REF BY
           =====                   =======         ======
           _FAR22_HEAP_SIZE        00000FFF 
           _HUGE_HEAP_SIZE         00000FFF 
           _FAR_HEAP_SIZE          00000FFF 
           _XDATA_HEAP_SIZE        000000FF 
           _XDATA_STACK_SIZE       00000EFF 
           _PDATA_STACK_SIZE       00000080 
           _EXTENDED_STACK_SIZE    00000000 
           _EXTENDED_STACK_START   00000000 
           ?ESP_MASK               00000000 
           ?ESP                    00000000 
           _IDATA_STACK_SIZE       00000040 
           _NR_OF_BANKS            00000003 
           _CODEBANK_END           0000FFFF 
           _CODEBANK_START         00008000 
           ?CBANK_MASK             000000FF 
           ?CBANK                  0000009F        ?RESET_CODE_BANK (CSTARTUP)
                                                   Segment part 0 (?BANKED_CODE_SUPPORT)
           ?PBANK                  00000093 
           _NR_OF_VIRTUAL_REGISTERS
                                   00000008 
           _FLASH_LOCK_BITS_END    0007FFFF 
           _FLASH_LOCK_BITS_START
                                   0007FFF0 
           _BANK7_END              0007FFFF 
           _BANK7_START            00078000 
           _BANK6_END              0006FFFF 
           _BANK6_START            00068000 
           _BANK5_END              0005FFFF 
           _BANK5_START            00058000 
           _BANK4_END              0004FFFF 
           _BANK4_START            00048000 
           _BANK3_END              0003FFFF 
           _BANK3_START            00038000 
           _BANK2_END              0002FFFF 
           _BANK2_START            00028000 
           _BANK1_END              0001FFFF 
           _BANK1_START            00018000 
           _BANK0_END              00007FFF 
           _BANK0_START            00000000 
           ?IP                     000000A9 
           ?IE                     000000A8        ?ALLOC_XSTACK8 (?ALLOC_XSTACK8)
                                                   ?BANKED_ENTER_XDATA (?BANKED_ENTER_XDATA)
                                                   ?INTERRUPT_ENTER_XSP (?INTERRUPT_ENTER_XSP)
                                                   ?INTERRUPT_LEAVE_XSP (?INTERRUPT_LEAVE_XSP)
           ?B                      000000F0        ?INTERRUPT_ENTER_XSP (?INTERRUPT_ENTER_XSP)
                                                   ?INTERRUPT_LEAVE_XSP (?INTERRUPT_LEAVE_XSP)
           ?VB                     00000020        ?BANKED_ENTER_XDATA (?BANKED_ENTER_XDATA)
                                                   ?INTERRUPT_ENTER_XSP (?INTERRUPT_ENTER_XSP)
                                                   ?INTERRUPT_LEAVE_XSP (?INTERRUPT_LEAVE_XSP)
           _BREG_START             00000000 
           _REGISTER_BANK_START    00000000 
           ?REGISTER_BANK          00000000        Segment part 6 (CSTARTUP)
           _FIRST_BANK_ADDR        00010000 
           _NEAR_CODE_START        00000000 
           _XDATA0_END             00001EFF 
           _XDATA0_START           00000001 
           _IXDATA0_END            00001EFF 
           _IXDATA0_START          00000001 
           _PDATA0_END             00001EFF 
           _PDATA0_START           00001E00 
           _IDATA0_END             000000FF 
           _IDATA0_START           00000000 
    *************************************************************************

  FILE NAME : E:\ZigBee-Project\test05_1\Debug\Obj\74LS164_8LED.r51
  PROGRAM MODULE, NAME : 74LS164_8LED

  SEGMENTS IN THE MODULE
  ======================
SFR_AN
  Relative segment, address: DATA 00000090 - 00000090 (0x1 bytes), align: 0
  Segment part 1. ROOT        Intra module refs:   Key3_ISR (main)
                                                   LS164_BYTE
           ENTRY                   ADDRESS         REF BY
           =====                   =======         ======
           _A_P1                   00000090 
           LOCAL                   ADDRESS         
           =====                   =======         
           P1                      00000090 
    -------------------------------------------------------------------------
SFR_AN
  Relative segment, address: DATA 000000F4 - 000000F4 (0x1 bytes), align: 0
  Segment part 2. ROOT        Intra module refs:   LS164_Cfg
           ENTRY                   ADDRESS         REF BY
           =====                   =======         ======
           P1SEL                   000000F4 
    -------------------------------------------------------------------------
SFR_AN
  Relative segment, address: DATA 000000FE - 000000FE (0x1 bytes), align: 0
  Segment part 3. ROOT        Intra module refs:   Key3_ISR (main)
                                                   LS164_Cfg
           ENTRY                   ADDRESS         REF BY
           =====                   =======         ======
           P1DIR                   000000FE 
    -------------------------------------------------------------------------
XDATA_I
  Relative segment, address: XDATA 00000F00 - 00000F0A (0xb bytes), align: 0
  Segment part 9.             Intra module refs:   LS164_BYTE
           LOCAL                   ADDRESS         
           =====                   =======         
           LED_Map                 00000F00 
    -------------------------------------------------------------------------
<BANKED_CODE> 1 (was BANKED_CODE)
  Relative segment, address: CODE 000003E7 - 000003EF (0x9 bytes), align: 0
  Segment part 11.            Intra module refs:   LS164_Cfg::?relay
           ENTRY                   ADDRESS         REF BY
           =====                   =======         ======
           LS164_Cfg               000003E7 
    -------------------------------------------------------------------------
<BANKED_CODE> 1 (was BANKED_CODE)
  Relative segment, address: CODE 000003F0 - 00000428 (0x39 bytes), align: 0
  Segment part 13.            Intra module refs:   LS164_BYTE::?relay
           ENTRY                   ADDRESS         REF BY
           =====                   =======         ======
           LS164_BYTE              000003F0 
               ISTACK = 00000000 ( 00000002 )
    -------------------------------------------------------------------------
XDATA_ID
  Relative segment, address: CODE 000000FD - 00000107 (0xb bytes), align: 0
  Segment part 10.            Intra module refs:   LED_Map
    -------------------------------------------------------------------------
BANK_RELAYS
  Relative segment, address: CODE 00000113 - 00000118 (0x6 bytes), align: 0
  Segment part 12.
           ENTRY                   ADDRESS         REF BY
           =====                   =======         ======
           LS164_Cfg::?relay       00000113        main (main)
    -------------------------------------------------------------------------
BANK_RELAYS
  Relative segment, address: CODE 00000119 - 0000011E (0x6 bytes), align: 0
  Segment part 14.
           ENTRY                   ADDRESS         REF BY
           =====                   =======         ======
           LS164_BYTE::?relay      00000119        main (main)

    *************************************************************************

  FILE NAME : E:\ZigBee-Project\test05_1\Debug\Obj\main.r51
  PROGRAM MODULE, NAME : main

  SEGMENTS IN THE MODULE
  ======================
SFR_AN
  Relative segment, address: DATA 0000008A - 0000008A (0x1 bytes), align: 0
  Segment part 1. ROOT        Intra module refs:   Key3_ISR
           ENTRY                   ADDRESS         REF BY
           =====                   =======         ======
           P1IFG                   0000008A 
    -------------------------------------------------------------------------
SFR_AN
  Relative segment, address: DATA 0000008C - 0000008C (0x1 bytes), align: 0
  Segment part 2. ROOT        Intra module refs:   KeysIntCfg
           ENTRY                   ADDRESS         REF BY
           =====                   =======         ======
           PICTL                   0000008C 
    -------------------------------------------------------------------------
SFR_AN
  Relative segment, address: DATA 0000008D - 0000008D (0x1 bytes), align: 0
  Segment part 3. ROOT        Intra module refs:   KeysIntCfg
           ENTRY                   ADDRESS         REF BY
           =====                   =======         ======
           P1IEN                   0000008D 
    -------------------------------------------------------------------------
SFR_AN
  Relative segment, address: DATA 00000091 - 00000091 (0x1 bytes), align: 0
  Segment part 5. ROOT        Intra module refs:   RFSend
           ENTRY                   ADDRESS         REF BY
           =====                   =======         ======
           RFIRQF1                 00000091 
    -------------------------------------------------------------------------
SFR_AN
  Relative segment, address: DATA 0000009A - 0000009A (0x1 bytes), align: 0
  Segment part 6. ROOT        Intra module refs:   KeysIntCfg
                                                   halRfInit
           ENTRY                   ADDRESS         REF BY
           =====                   =======         ======
           IEN2                    0000009A 
    -------------------------------------------------------------------------
SFR_AN
  Relative segment, address: DATA 0000009B - 0000009B (0x1 bytes), align: 0
  Segment part 7. ROOT        Intra module refs:   RF_IRQ
           ENTRY                   ADDRESS         REF BY
           =====                   =======         ======
           S1CON                   0000009B 
    -------------------------------------------------------------------------
SFR_AN
  Relative segment, address: DATA 0000009D - 0000009D (0x1 bytes), align: 0
  Segment part 8. ROOT        Intra module refs:   Init32M
           ENTRY                   ADDRESS         REF BY
           =====                   =======         ======
           SLEEPSTA                0000009D 
    -------------------------------------------------------------------------
SFR_AN
  Relative segment, address: DATA 0000009E - 0000009E (0x1 bytes), align: 0
  Segment part 9. ROOT        Intra module refs:   Init32M
           ENTRY                   ADDRESS         REF BY
           =====                   =======         ======
           CLKCONSTA               0000009E 
    -------------------------------------------------------------------------
SFR_AN
  Relative segment, address: DATA 000000A8 - 000000A8 (0x1 bytes), align: 0
  Segment part 10. ROOT       Intra module refs:   KeysIntCfg
                                                   RF_IRQ
                                                   halRfInit
           ENTRY                   ADDRESS         REF BY
           =====                   =======         ======
           _A_IEN0                 000000A8 
           LOCAL                   ADDRESS         
           =====                   =======         
           IEN0                    000000A8 
    -------------------------------------------------------------------------
SFR_AN
  Relative segment, address: DATA 000000BE - 000000BE (0x1 bytes), align: 0
  Segment part 11. ROOT       Intra module refs:   Init32M
           ENTRY                   ADDRESS         REF BY
           =====                   =======         ======
           SLEEPCMD                000000BE 
    -------------------------------------------------------------------------
SFR_AN
  Relative segment, address: DATA 000000C6 - 000000C6 (0x1 bytes), align: 0
  Segment part 12. ROOT       Intra module refs:   Init32M
           ENTRY                   ADDRESS         REF BY
           =====                   =======         ======
           CLKCONCMD               000000C6 
    -------------------------------------------------------------------------
SFR_AN
  Relative segment, address: DATA 000000D9 - 000000D9 (0x1 bytes), align: 0
  Segment part 13. ROOT       Intra module refs:   RFSend
           ENTRY                   ADDRESS         REF BY
           =====                   =======         ======
           RFD                     000000D9 
    -------------------------------------------------------------------------
SFR_AN
  Relative segment, address: DATA 000000E1 - 000000E1 (0x1 bytes), align: 0
  Segment part 14. ROOT       Intra module refs:   RFSend
                                                   RF_IRQ
                                                   halRfInit
           ENTRY                   ADDRESS         REF BY
           =====                   =======         ======
           RFST                    000000E1 
    -------------------------------------------------------------------------
SFR_AN
  Relative segment, address: DATA 000000E8 - 000000E8 (0x1 bytes), align: 0
  Segment part 15. ROOT       Intra module refs:   Key3_ISR
           ENTRY                   ADDRESS         REF BY
           =====                   =======         ======
           _A_IRCON2               000000E8 
           LOCAL                   ADDRESS         
           =====                   =======         
           IRCON2                  000000E8 
    -------------------------------------------------------------------------
SFR_AN
  Relative segment, address: DATA 000000E9 - 000000E9 (0x1 bytes), align: 0
  Segment part 16. ROOT       Intra module refs:   RF_IRQ
           ENTRY                   ADDRESS         REF BY
           =====                   =======         ======
           RFIRQF0                 000000E9 
    -------------------------------------------------------------------------
XDATA_I
  Relative segment, address: XDATA 00000F0B - 00000F15 (0xb bytes), align: 0
  Segment part 25.            Intra module refs:   Key3_ISR
           ENTRY                   ADDRESS         REF BY
           =====                   =======         ======
           SendPacket              00000F0B 
    -------------------------------------------------------------------------
<BANKED_CODE> 1 (was BANKED_CODE)
  Relative segment, address: CODE 000002CE - 00000308 (0x3b bytes), align: 0
  Segment part 27.            Intra module refs:   Delay::?relay
           ENTRY                   ADDRESS         REF BY
           =====                   =======         ======
           Delay                   000002CE 
               XSTACK = 0000000E ( 00000000 )
    -------------------------------------------------------------------------
<BANKED_CODE> 1 (was BANKED_CODE)
  Relative segment, address: CODE 00000309 - 0000032B (0x23 bytes), align: 0
  Segment part 29.            Intra module refs:   Init32M::?relay
           ENTRY                   ADDRESS         REF BY
           =====                   =======         ======
           Init32M                 00000309 
               calls direct
               ISTACK = 00000000 ( 00000002 )
    -------------------------------------------------------------------------
<BANKED_CODE> 1 (was BANKED_CODE)
  Relative segment, address: CODE 0000032C - 00000339 (0xe bytes), align: 0
  Segment part 31.            Intra module refs:   KeysIntCfg::?relay
           ENTRY                   ADDRESS         REF BY
           =====                   =======         ======
           KeysIntCfg              0000032C 
    -------------------------------------------------------------------------
<BANKED_CODE> 1 (was BANKED_CODE)
  Relative segment, address: CODE 0000033A - 00000383 (0x4a bytes), align: 0
  Segment part 33.            Intra module refs:   halRfInit::?relay
           ENTRY                   ADDRESS         REF BY
           =====                   =======         ======
           halRfInit               0000033A 
               ISTACK = 00000000 ( 00000002 )
    -------------------------------------------------------------------------
<BANKED_CODE> 1 (was BANKED_CODE)
  Relative segment, address: CODE 00000384 - 000003C7 (0x44 bytes), align: 0
  Segment part 35.            Intra module refs:   RFSend::?relay
           ENTRY                   ADDRESS         REF BY
           =====                   =======         ======
           RFSend                  00000384 
               XSTACK = 0000000E ( 00000000 )
               ISTACK = 00000000 ( 00000002 )
    -------------------------------------------------------------------------
<BANKED_CODE> 1 (was BANKED_CODE)
  Relative segment, address: CODE 000003C8 - 000003E6 (0x1f bytes), align: 0
  Segment part 37.
           ENTRY                   ADDRESS         REF BY
           =====                   =======         ======
           main                    000003C8        ?call_main (?cmain)
               calls direct
    -------------------------------------------------------------------------
NEAR_CODE
  Relative segment, address: CODE 00000282 - 000002AE (0x2d bytes), align: 0
  Segment part 39.            Intra module refs:   Key3_ISR::??INTVEC 123
           ENTRY                   ADDRESS         REF BY
           =====                   =======         ======
           Key3_ISR                00000282 
               interrupt function
               calls direct
               XSTACK = 00000000 ( 0000000E )
    -------------------------------------------------------------------------
NEAR_CODE
  Relative segment, address: CODE 000002AF - 000002CD (0x1f bytes), align: 0
  Segment part 40.            Intra module refs:   RF_IRQ::??INTVEC 131
           ENTRY                   ADDRESS         REF BY
           =====                   =======         ======
           RF_IRQ                  000002AF 
               interrupt function
               ISTACK = 00000000 ( 00000002 )
    -------------------------------------------------------------------------
INTVEC
  Common segment, address: CODE 00000000 - 0000007D (0x7e bytes), align: 0
  Segment part 18. ROOT 
           ENTRY                   ADDRESS         REF BY
           =====                   =======         ======
           Key3_ISR::??INTVEC 123
                                   0000007B 
    -------------------------------------------------------------------------
INTVEC
  Common segment, address: CODE 00000000 - 00000085 (0x86 bytes), align: 0
  Segment part 19. ROOT 
           ENTRY                   ADDRESS         REF BY
           =====                   =======         ======
           RF_IRQ::??INTVEC 131    00000083 
    -------------------------------------------------------------------------
XDATA_ID
  Relative segment, address: CODE 00000108 - 00000112 (0xb bytes), align: 0
  Segment part 26.            Intra module refs:   SendPacket
    -------------------------------------------------------------------------
BANK_RELAYS
  Relative segment, address: CODE 0000011F - 00000124 (0x6 bytes), align: 0
  Segment part 28.            Intra module refs:   Init32M
                                                   Key3_ISR
           ENTRY                   ADDRESS         REF BY
           =====                   =======         ======
           Delay::?relay           0000011F 
    -------------------------------------------------------------------------
BANK_RELAYS
  Relative segment, address: CODE 00000125 - 0000012A (0x6 bytes), align: 0
  Segment part 30.            Intra module refs:   main
           ENTRY                   ADDRESS         REF BY
           =====                   =======         ======
           Init32M::?relay         00000125 
    -------------------------------------------------------------------------
BANK_RELAYS
  Relative segment, address: CODE 0000012B - 00000130 (0x6 bytes), align: 0
  Segment part 32.            Intra module refs:   main
           ENTRY                   ADDRESS         REF BY
           =====                   =======         ======
           KeysIntCfg::?relay      0000012B 
    -------------------------------------------------------------------------
BANK_RELAYS
  Relative segment, address: CODE 00000131 - 00000136 (0x6 bytes), align: 0
  Segment part 34.            Intra module refs:   main
           ENTRY                   ADDRESS         REF BY
           =====                   =======         ======
           halRfInit::?relay       00000131 
    -------------------------------------------------------------------------
BANK_RELAYS
  Relative segment, address: CODE 00000137 - 0000013C (0x6 bytes), align: 0
  Segment part 36.            Intra module refs:   Key3_ISR
           ENTRY                   ADDRESS         REF BY
           =====                   =======         ======
           RFSend::?relay          00000137 

    *************************************************************************

  FILE NAME : D:\Program Files (x86)\IAR Systems\Embedded Workbench 8.3\8051\LIB\DLIB\dl-pli-blxd-1e16x01n.r51
  LIBRARY MODULE, NAME : ?__dbg_break

  SEGMENTS IN THE MODULE
  ======================
<BANKED_CODE> 1 (was BANKED_CODE)
  Relative segment, address: CODE 0000045B - 0000045F (0x5 bytes), align: 0
  Segment part 6.             Intra module refs:   __DebugBreak::?relay
           ENTRY                   ADDRESS         REF BY
           =====                   =======         ======
           __DebugBreak            0000045B 
    -------------------------------------------------------------------------
BANK_RELAYS
  Relative segment, address: CODE 0000013D - 00000142 (0x6 bytes), align: 0
  Segment part 7.
           ENTRY                   ADDRESS         REF BY
           =====                   =======         ======
           __DebugBreak::?relay    0000013D        __exit (?__exit)

    -------------------------------------------------------------------------
  LIBRARY MODULE, NAME : ?__exit

  SEGMENTS IN THE MODULE
  ======================
<BANKED_CODE> 1 (was BANKED_CODE)
  Relative segment, address: CODE 00000429 - 0000044C (0x24 bytes), align: 0
  Segment part 6.
           ENTRY                   ADDRESS         REF BY
           =====                   =======         ======
           __exit                  00000429        Segment part 10 (?cexit)
               calls direct
               XSTACK = 00000000 ( 0000000B )

    -------------------------------------------------------------------------
  LIBRARY MODULE, NAME : ?cexit

  SEGMENTS IN THE MODULE
  ======================
CSTART
  Relative segment, address: CODE 00000086, align: 0
  Segment part 5.             Intra module refs:   _exit::?relay
           ENTRY                   ADDRESS         REF BY
           =====                   =======         ======
           _exit                   00000086 
               calls direct
    -------------------------------------------------------------------------
CSTART
  Relative segment, address: CODE 00000086 - 00000090 (0xb bytes), align: 0
  Segment part 10.            Intra module refs:   _exit
    -------------------------------------------------------------------------
BANK_RELAYS
  Relative segment, address: CODE 00000143 - 00000148 (0x6 bytes), align: 0
  Segment part 11.
           ENTRY                   ADDRESS         REF BY
           =====                   =======         ======
           _exit::?relay           00000143        exit (?exit)

    -------------------------------------------------------------------------
  LIBRARY MODULE, NAME : ?cmain

  SEGMENTS IN THE MODULE
  ======================
CSTART
  Relative segment, address: CODE 00000091, align: 0
  Segment part 5.
           ENTRY                   ADDRESS         REF BY
           =====                   =======         ======
           ?cmain                  00000091        Segment part 13 (CSTARTUP)
               calls direct
    -------------------------------------------------------------------------
CSTART
  Relative segment, address: CODE 00000091 - 000000B6 (0x26 bytes), align: 0
  Segment part 33.
           ENTRY                   ADDRESS         REF BY
           =====                   =======         ======
           __INIT_XDATA_I          00000091        LED_Map (74LS164_8LED)
                                                   SendPacket (main)
    -------------------------------------------------------------------------
DIFUNCT
  Relative segment, address: CODE 00000282, align: 0
  Segment part 38. ROOT 
    -------------------------------------------------------------------------
CSTART
  Relative segment, address: CODE 000000B7 - 000000CC (0x16 bytes), align: 0
  Segment part 40.            Intra module refs:   ?cmain
           ENTRY                   ADDRESS         REF BY
           =====                   =======         ======
           ?call_main              000000B7 

    -------------------------------------------------------------------------
  LIBRARY MODULE, NAME : CSTARTUP

  SEGMENTS IN THE MODULE
  ======================
REGISTERS
  Relative segment, address: DATA 00000000, align: 0
  Segment part 0.             Intra module refs:   Segment part 6
           ENTRY                   ADDRESS         REF BY
           =====                   =======         ======
           ?REGISTERS              00000000 
    -------------------------------------------------------------------------
ISTACK
  Relative segment, address: IDATA 000000C0, align: 0
  Segment part 1.             Intra module refs:   Segment part 6
           ENTRY                   ADDRESS         REF BY
           =====                   =======         ======
           ?ISTACK_START           000000C0 
    -------------------------------------------------------------------------
XSTACK
  Relative segment, address: XDATA 00000001, align: 0
  Segment part 3.             Intra module refs:   ?RESET_XSP
           ENTRY                   ADDRESS         REF BY
           =====                   =======         ======
           ?XSTACK_START           00000001 
    -------------------------------------------------------------------------
INTVEC
  Common segment, address: CODE 00000000 - 00000002 (0x3 bytes), align: 0
  Segment part 5. ROOT        Intra module refs:   Segment part 6
    -------------------------------------------------------------------------
CSTART
  Relative segment, address: CODE 000000CD - 000000D2 (0x6 bytes), align: 0
  Segment part 6. ROOT        Intra module refs:   Segment part 5
           ENTRY                   ADDRESS         REF BY
           =====                   =======         ======
           __program_start         000000CD        Absolute parts (?ABS_ENTRY_MOD)
           ?RESET_SP               000000D0 
    -------------------------------------------------------------------------
CSTART
  Relative segment, address: CODE 000000D3 - 000000D8 (0x6 bytes), align: 0
  Segment part 8.
           ENTRY                   ADDRESS         REF BY
           =====                   =======         ======
           ?RESET_XSP              000000D3        ?XSP (VIRTUAL_REGISTERS)
    -------------------------------------------------------------------------
CSTART
  Relative segment, address: CODE 000000D9 - 000000DB (0x3 bytes), align: 0
  Segment part 9.
           ENTRY                   ADDRESS         REF BY
           =====                   =======         ======
           ?RESET_CODE_BANK        000000D9        Absolute parts (?BANKED_CODE_SUPPORT)
    -------------------------------------------------------------------------
CSTART
  Relative segment, address: CODE 000000DC - 000000DE (0x3 bytes), align: 0
  Segment part 13.            Intra module refs:   Absolute parts

    -------------------------------------------------------------------------
  LIBRARY MODULE, NAME : VIRTUAL_REGISTERS

  SEGMENTS IN THE MODULE
  ======================
BREG
  Relative segment, address: BIT 00000020.0 - 00000020.7 (0x8 bits), align: 0
  Segment part 0.
           ENTRY                   ADDRESS         REF BY
           =====                   =======         ======
           ?B0                     00000020.0      Absolute parts (CSTARTUP)
    -------------------------------------------------------------------------
VREG
  Relative segment, address: DATA 00000008 - 00000008 (0x1 bytes), align: 0
  Segment part 1.
           ENTRY                   ADDRESS         REF BY
           =====                   =======         ======
           ?V0                     00000008        ?BANKED_ENTER_XDATA (?BANKED_ENTER_XDATA)
                                                   ?INTERRUPT_ENTER_XSP (?INTERRUPT_ENTER_XSP)
                                                   ?INTERRUPT_LEAVE_XSP (?INTERRUPT_LEAVE_XSP)
    -------------------------------------------------------------------------
XSP
  Relative segment, address: DATA 00000009 - 0000000A (0x2 bytes), align: 0
  Segment part 34.
           ENTRY                   ADDRESS         REF BY
           =====                   =======         ======
           ?XSP                    00000009        ?ALLOC_XSTACK8 (?ALLOC_XSTACK8)
                                                   ?BANKED_ENTER_XDATA (?BANKED_ENTER_XDATA)
                                                   ?INTERRUPT_ENTER_XSP (?INTERRUPT_ENTER_XSP)
                                                   ?INTERRUPT_LEAVE_XSP (?INTERRUPT_LEAVE_XSP)
                                                   ?RESET_XSP (CSTARTUP)
                                                   __exit (?__exit)

    -------------------------------------------------------------------------
  LIBRARY MODULE, NAME : ?exit

  SEGMENTS IN THE MODULE
  ======================
<BANKED_CODE> 1 (was BANKED_CODE)
  Relative segment, address: CODE 0000044D - 0000045A (0xe bytes), align: 0
  Segment part 6.
           ENTRY                   ADDRESS         REF BY
           =====                   =======         ======
           exit                    0000044D        ?call_main (?cmain)
               calls direct
               ISTACK = 00000000 ( 00000002 )

    -------------------------------------------------------------------------
  LIBRARY MODULE, NAME : ?BANKED_CODE_SUPPORT

  SEGMENTS IN THE MODULE
  ======================
CSTART
  Relative segment, address: CODE 000000DF - 000000FC (0x1e bytes), align: 0
  Segment part 0.
           ENTRY                   ADDRESS         REF BY
           =====                   =======         ======
           ?BCALL_FF               000000DF        ?call_main (?cmain)
                                                   Segment part 10 (?cexit)
           ?BRET_FF                000000E5        Delay (main)
                                                   Init32M (main)
                                                   KeysIntCfg (main)
                                                   LS164_BYTE (74LS164_8LED)
                                                   LS164_Cfg (74LS164_8LED)
                                                   RFSend (main)
                                                   __DebugBreak (?__dbg_break)
                                                   exit (?exit)
                                                   halRfInit (main)
           ?BDISPATCH_FF           000000E8        Delay::?relay (main)
                                                   Init32M::?relay (main)
                                                   KeysIntCfg::?relay (main)
                                                   LS164_BYTE::?relay (74LS164_8LED)
                                                   LS164_Cfg::?relay (74LS164_8LED)
                                                   RFSend::?relay (main)
                                                   __DebugBreak::?relay (?__dbg_break)
                                                   _exit::?relay (?cexit)
                                                   halRfInit::?relay (main)

    -------------------------------------------------------------------------
  LIBRARY MODULE, NAME : ?ALLOC_XSTACK8

  SEGMENTS IN THE MODULE
  ======================
RCODE
  Relative segment, address: CODE 00000149 - 0000015E (0x16 bytes), align: 0
  Segment part 0.
           ENTRY                   ADDRESS         REF BY
           =====                   =======         ======
           ?ALLOC_XSTACK8          00000149        __exit (?__exit)

    -------------------------------------------------------------------------
  LIBRARY MODULE, NAME : ?BANKED_ENTER_XDATA

  SEGMENTS IN THE MODULE
  ======================
RCODE
  Relative segment, address: CODE 0000015F - 000001CA (0x6c bytes), align: 0
  Segment part 1.
           ENTRY                   ADDRESS         REF BY
           =====                   =======         ======
           ?BANKED_ENTER_XDATA     0000015F        __exit (?__exit)

    -------------------------------------------------------------------------
  LIBRARY MODULE, NAME : ?INTERRUPT_ENTER_XSP

  SEGMENTS IN THE MODULE
  ======================
RCODE
  Relative segment, address: CODE 000001CB - 00000229 (0x5f bytes), align: 0
  Segment part 1.
           ENTRY                   ADDRESS         REF BY
           =====                   =======         ======
           ?INTERRUPT_ENTER_XSP    000001CB        Key3_ISR (main)

    -------------------------------------------------------------------------
  LIBRARY MODULE, NAME : ?INTERRUPT_LEAVE_XSP

  SEGMENTS IN THE MODULE
  ======================
RCODE
  Relative segment, address: CODE 0000022A - 00000281 (0x58 bytes), align: 0
  Segment part 1.
           ENTRY                   ADDRESS         REF BY
           =====                   =======         ======
           ?INTERRUPT_LEAVE_XSP    0000022A        Key3_ISR (main)




                ****************************************
                *                                      *
                *      SEGMENTS IN ADDRESS ORDER       *
                *                                      *
                ****************************************


SEGMENT              SPACE    START ADDRESS   END ADDRESS     SIZE  TYPE  ALIGN
=======              =====    =============   ===========     ====  ====  =====
INTVEC               CODE          00000000 - 00000085          86   com    0
CSTART               CODE          00000086 - 000000FC          77   rel    0
BDATA_ID             CODE               000000FD                     dse    0
BIT_ID               CODE               000000FD                     dse    0
DATA_ID              CODE               000000FD                     dse    0
IDATA_ID             CODE               000000FD                     dse    0
IXDATA_ID            CODE               000000FD                     dse    0
PDATA_ID             CODE               000000FD                     dse    0
XDATA_ID             CODE          000000FD - 00000112          16   rel    0
BANK_RELAYS          CODE          00000113 - 00000148          36   rel    0
RCODE                CODE          00000149 - 00000281         139   rel    0
CODE_N               CODE               00000282                     dse    0
DIFUNCT              CODE               00000282                     rel    0
CODE_C               CODE               00000282                     dse    0
NEAR_CODE            CODE          00000282 - 000002CD          4C   rel    0
<BANKED_CODE> 1      CODE          000002CE - 0000045F         192   rel    0
REGISTERS            DATA          00000000 - 00000007           8   rel    0
VREG                 DATA          00000008 - 00000008           1   rel    0
PSP                  DATA               00000009                     dse    0
XSP                  DATA          00000009 - 0000000A           2   rel    0
BREG                 BIT        00000020.0  -  00000020.7        8   rel    0
SFR_AN               DATA          0000008A - 0000008A           1   rel    0
                     DATA          0000008C - 0000008D           2 
                     DATA          00000090 - 00000091           2 
                     DATA          0000009A - 0000009B           2 
                     DATA          0000009D - 0000009E           2 
                     DATA          000000A8 - 000000A8           1 
                     DATA          000000BE - 000000BE           1 
                     DATA          000000C6 - 000000C6           1 
                     DATA          000000D9 - 000000D9           1 
                     DATA          000000E1 - 000000E1           1 
                     DATA          000000E8 - 000000E9           2 
                     DATA          000000F4 - 000000F4           1 
                     DATA          000000FE - 000000FE           1 
XSTACK               XDATA         00000001 - 00000EFF         EFF   rel    0
XDATA_Z              XDATA              00000F00                     dse    0
XDATA_I              XDATA         00000F00 - 00000F15          16   rel    0
ISTACK               IDATA         000000C0 - 000000FF          40   rel    0

                ****************************************
                *                                      *
                *        END OF CROSS REFERENCE        *
                *                                      *
                ****************************************

 1 120 bytes of CODE  memory
    11 bytes of DATA  memory (+ 18 absolute )
 3 861 bytes of XDATA memory
    64 bytes of IDATA memory
     8 bits  of BIT   memory

Errors: none
Warnings: none

